Archive member included to satisfy reference by file (symbol)

/home/hackdino/bin/gcc-arm-none-eabi-5_4-2016q2/bin/../lib/gcc/arm-none-eabi/5.4.1/armv7e-m/libgcc.a(_arm_addsubsf3.o)
                              ./Libraries/XMCLib/src/xmc4_scu.o (__aeabi_ui2f)
/home/hackdino/bin/gcc-arm-none-eabi-5_4-2016q2/bin/../lib/gcc/arm-none-eabi/5.4.1/armv7e-m/libgcc.a(_arm_muldivsf3.o)
                              ./Libraries/XMCLib/src/xmc4_scu.o (__aeabi_fmul)
/home/hackdino/bin/gcc-arm-none-eabi-5_4-2016q2/bin/../lib/gcc/arm-none-eabi/5.4.1/armv7e-m/libgcc.a(_arm_fixunssfsi.o)
                              ./Libraries/XMCLib/src/xmc_eth_mac.o (__aeabi_f2uiz)
/home/hackdino/bin/gcc-arm-none-eabi-5_4-2016q2/bin/../lib/gcc/arm-none-eabi/5.4.1/../../../../arm-none-eabi/lib/armv7e-m/libg_nano.a(lib_a-errno.o)
                              ./Libraries/NewLib/syscalls.o (__errno)
/home/hackdino/bin/gcc-arm-none-eabi-5_4-2016q2/bin/../lib/gcc/arm-none-eabi/5.4.1/../../../../arm-none-eabi/lib/armv7e-m/libg_nano.a(lib_a-impure.o)
                              /home/hackdino/bin/gcc-arm-none-eabi-5_4-2016q2/bin/../lib/gcc/arm-none-eabi/5.4.1/../../../../arm-none-eabi/lib/armv7e-m/libg_nano.a(lib_a-errno.o) (_impure_ptr)
/home/hackdino/bin/gcc-arm-none-eabi-5_4-2016q2/bin/../lib/gcc/arm-none-eabi/5.4.1/../../../../arm-none-eabi/lib/armv7e-m/libg_nano.a(lib_a-init.o)
                              ./Startup/startup_XMC4500.o (__libc_init_array)
/home/hackdino/bin/gcc-arm-none-eabi-5_4-2016q2/bin/../lib/gcc/arm-none-eabi/5.4.1/../../../../arm-none-eabi/lib/armv7e-m/libg_nano.a(lib_a-memcpy-stub.o)
                              ./Libraries/XMCLib/src/xmc_eth_mac.o (memcpy)
/home/hackdino/bin/gcc-arm-none-eabi-5_4-2016q2/bin/../lib/gcc/arm-none-eabi/5.4.1/../../../../arm-none-eabi/lib/armv7e-m/libg_nano.a(lib_a-memset.o)
                              ./Libraries/XMCLib/src/xmc_usbd.o (memset)

Allocating common symbols
Common symbol       size              file

dma0_event_handlers
                    0x20              ./Libraries/XMCLib/src/xmc_dma.o
pipe                0x1c0             ./Libraries/XMCLib/src/xmc_usbh.o
dma1_event_handlers
                    0x10              ./Libraries/XMCLib/src/xmc_dma.o
event_handler_list  0x80              ./Libraries/XMCLib/src/xmc4_scu.o
is_nack             0xe               ./Libraries/XMCLib/src/xmc_usbh.o
usbd_init           0x4               ./Libraries/XMCLib/src/xmc_usbd.o
xmc_device          0x208             ./Libraries/XMCLib/src/xmc_usbd.o

Discarded input sections

 .group         0x00000000        0x8 ./Startup/system_XMC4500.o
 .group         0x00000000        0x8 ./Startup/system_XMC4500.o
 .group         0x00000000        0x8 ./Startup/system_XMC4500.o
 .group         0x00000000        0x8 ./Startup/system_XMC4500.o
 .group         0x00000000        0x8 ./Startup/system_XMC4500.o
 .group         0x00000000        0x8 ./Startup/system_XMC4500.o
 .group         0x00000000        0x8 ./Startup/system_XMC4500.o
 .group         0x00000000        0x8 ./Startup/system_XMC4500.o
 .group         0x00000000        0x8 ./Startup/system_XMC4500.o
 .group         0x00000000        0x8 ./Startup/system_XMC4500.o
 .group         0x00000000        0x8 ./Startup/system_XMC4500.o
 .group         0x00000000        0x8 ./Startup/system_XMC4500.o
 .group         0x00000000        0x8 ./Startup/system_XMC4500.o
 .group         0x00000000        0x8 ./Startup/system_XMC4500.o
 .group         0x00000000        0x8 ./Startup/system_XMC4500.o
 .group         0x00000000        0x8 ./Startup/system_XMC4500.o
 .group         0x00000000        0x8 ./Startup/system_XMC4500.o
 .group         0x00000000        0x8 ./Startup/system_XMC4500.o
 .group         0x00000000        0x8 ./Startup/system_XMC4500.o
 .group         0x00000000        0x8 ./Startup/system_XMC4500.o
 .group         0x00000000        0x8 ./Startup/system_XMC4500.o
 .group         0x00000000        0x8 ./Startup/system_XMC4500.o
 .group         0x00000000        0x8 ./Startup/system_XMC4500.o
 .group         0x00000000        0x8 ./Startup/system_XMC4500.o
 .group         0x00000000        0x8 ./Startup/system_XMC4500.o
 .comment       0x00000000       0x6f ./Startup/system_XMC4500.o
 .group         0x00000000        0x8 ./Libraries/XMCLib/src/xmc4_eru.o
 .group         0x00000000        0x8 ./Libraries/XMCLib/src/xmc4_eru.o
 .group         0x00000000        0x8 ./Libraries/XMCLib/src/xmc4_eru.o
 .group         0x00000000        0x8 ./Libraries/XMCLib/src/xmc4_eru.o
 .group         0x00000000        0x8 ./Libraries/XMCLib/src/xmc4_eru.o
 .group         0x00000000        0x8 ./Libraries/XMCLib/src/xmc4_eru.o
 .group         0x00000000        0x8 ./Libraries/XMCLib/src/xmc4_eru.o
 .group         0x00000000        0x8 ./Libraries/XMCLib/src/xmc4_eru.o
 .group         0x00000000        0x8 ./Libraries/XMCLib/src/xmc4_eru.o
 .group         0x00000000        0x8 ./Libraries/XMCLib/src/xmc4_eru.o
[...]
Memory Configuration

Name             Origin             Length             Attributes
FLASH_1_cached   0x08000000         0x00100000         xr
FLASH_1_uncached 0x0c000000         0x00100000         xr
PSRAM_1          0x10000000         0x00010000         !xr
DSRAM_1_system   0x20000000         0x00010000         !xr
DSRAM_2_comm     0x30000000         0x00008000         !xr
*default*        0x00000000         0xffffffff

Linker script and memory map

LOAD ./Startup/startup_XMC4500.o
LOAD ./Startup/system_XMC4500.o
LOAD ./Libraries/XMCLib/src/xmc4_eru.o
LOAD ./Libraries/XMCLib/src/xmc4_flash.o
LOAD ./Libraries/XMCLib/src/xmc4_gpio.o
LOAD ./Libraries/XMCLib/src/xmc4_rtc.o
LOAD ./Libraries/XMCLib/src/xmc4_scu.o
LOAD ./Libraries/XMCLib/src/xmc_can.o
LOAD ./Libraries/XMCLib/src/xmc_ccu4.o
LOAD ./Libraries/XMCLib/src/xmc_ccu8.o
LOAD ./Libraries/XMCLib/src/xmc_common.o
LOAD ./Libraries/XMCLib/src/xmc_dac.o
LOAD ./Libraries/XMCLib/src/xmc_dma.o
LOAD ./Libraries/XMCLib/src/xmc_dsd.o
LOAD ./Libraries/XMCLib/src/xmc_ebu.o
LOAD ./Libraries/XMCLib/src/xmc_ecat.o
LOAD ./Libraries/XMCLib/src/xmc_eru.o
LOAD ./Libraries/XMCLib/src/xmc_eth_mac.o
LOAD ./Libraries/XMCLib/src/xmc_fce.o
LOAD ./Libraries/XMCLib/src/xmc_gpio.o
LOAD ./Libraries/XMCLib/src/xmc_hrpwm.o
LOAD ./Libraries/XMCLib/src/xmc_i2c.o
LOAD ./Libraries/XMCLib/src/xmc_i2s.o
LOAD ./Libraries/XMCLib/src/xmc_ledts.o
LOAD ./Libraries/XMCLib/src/xmc_posif.o
LOAD ./Libraries/XMCLib/src/xmc_rtc.o
LOAD ./Libraries/XMCLib/src/xmc_sdmmc.o
LOAD ./Libraries/XMCLib/src/xmc_spi.o
LOAD ./Libraries/XMCLib/src/xmc_uart.o
LOAD ./Libraries/XMCLib/src/xmc_usbd.o
LOAD ./Libraries/XMCLib/src/xmc_usbh.o
LOAD ./Libraries/XMCLib/src/xmc_usic.o
LOAD ./Libraries/XMCLib/src/xmc_vadc.o
LOAD ./Libraries/XMCLib/src/xmc_wdt.o
LOAD ./Libraries/NewLib/syscalls.o
LOAD ./main.o
START GROUP
LOAD /home/hackdino/bin/gcc-arm-none-eabi-5_4-2016q2/bin/../lib/gcc/arm-none-eabi/5.4.1/armv7e-m/libgcc.a
LOAD /home/hackdino/bin/gcc-arm-none-eabi-5_4-2016q2/bin/../lib/gcc/arm-none-eabi/5.4.1/../../../../arm-none-eabi/lib/armv7e-m/libg_nano.a
LOAD /home/hackdino/bin/gcc-arm-none-eabi-5_4-2016q2/bin/../lib/gcc/arm-none-eabi/5.4.1/../../../../arm-none-eabi/lib/armv7e-m/libc_nano.a
END GROUP
START GROUP
LOAD /home/hackdino/bin/gcc-arm-none-eabi-5_4-2016q2/bin/../lib/gcc/arm-none-eabi/5.4.1/armv7e-m/libgcc.a
LOAD /home/hackdino/bin/gcc-arm-none-eabi-5_4-2016q2/bin/../lib/gcc/arm-none-eabi/5.4.1/../../../../arm-none-eabi/lib/armv7e-m/libc_nano.a
END GROUP
                0x00000800                stack_size = DEFINED (stack_size)?stack_size:0x800
                0x00000040                no_init_size = 0x40

.text           0x08000000     0xef68 load address 0x0c000000
                0x08000000                sText = .
 *(.reset)
 .reset         0x08000000      0x2b2 ./Startup/startup_XMC4500.o
                0x08000000                __Vectors
                0x08000200                Reset_Handler
                0x080002b0                VADC0_C0_3_IRQHandler
                0x080002b0                DSD0_7_IRQHandler
                0x080002b0                DebugMon_Handler
                0x080002b0                VADC0_C0_0_IRQHandler
                0x080002b0                CAN0_4_IRQHandler
                0x080002b0                VADC0_G2_0_IRQHandler
                0x080002b0                USIC0_5_IRQHandler
                0x080002b0                POSIF0_0_IRQHandler
                0x080002b0                POSIF1_0_IRQHandler
                0x080002b0                HardFault_Handler
                0x080002b0                VADC0_G1_1_IRQHandler
                0x080002b0                PendSV_Handler
                0x080002b0                NMI_Handler
                0x080002b0                USIC1_3_IRQHandler
                0x080002b0                CCU40_2_IRQHandler
                0x080002b0                SCU_0_IRQHandler
                0x080002b0                ERU0_0_IRQHandler
                0x080002b0                CCU41_0_IRQHandler
                0x080002b0                USIC1_5_IRQHandler
                0x080002b0                DSD0_4_IRQHandler
                0x080002b0                CCU80_1_IRQHandler
                0x080002b0                CCU81_0_IRQHandler
                0x080002b0                UsageFault_Handler
                0x080002b0                USIC0_0_IRQHandler
                0x080002b0                POSIF1_1_IRQHandler
                0x080002b0                ERU0_2_IRQHandler
                0x080002b0                CCU81_1_IRQHandler
                0x080002b0                ERU1_1_IRQHandler
                0x080002b0                VADC0_G2_3_IRQHandler
                0x080002b0                VADC0_G2_2_IRQHandler
                0x080002b0                CCU42_3_IRQHandler
                0x080002b0                ERU0_3_IRQHandler
                0x080002b0                DSD0_5_IRQHandler
                0x080002b0                CAN0_6_IRQHandler
                0x080002b0                CCU43_0_IRQHandler
                0x080002b0                VADC0_G0_1_IRQHandler
                0x080002b0                CCU81_2_IRQHandler
                0x080002b0                USIC2_4_IRQHandler
                0x080002b0                CCU81_3_IRQHandler
                0x080002b0                CCU42_1_IRQHandler
                0x080002b0                USIC1_1_IRQHandler
                0x080002b0                USIC2_5_IRQHandler
                0x080002b0                CCU40_0_IRQHandler
                0x080002b0                CAN0_0_IRQHandler
                0x080002b0                ERU1_0_IRQHandler
                0x080002b0                CCU42_2_IRQHandler
                0x080002b0                Default_Handler
                0x080002b0                USIC1_4_IRQHandler
                0x080002b0                ERU1_3_IRQHandler
                0x080002b0                USIC1_0_IRQHandler
                0x080002b0                POSIF0_1_IRQHandler
                0x080002b0                VADC0_G0_0_IRQHandler
                0x080002b0                DSD0_2_IRQHandler
                0x080002b0                CCU80_3_IRQHandler
                0x080002b0                CCU41_3_IRQHandler
                0x080002b0                CCU80_2_IRQHandler
                0x080002b0                VADC0_G1_3_IRQHandler
                0x080002b0                VADC0_G0_3_IRQHandler
                0x080002b0                GPDMA0_0_IRQHandler
                0x080002b0                PMU0_0_IRQHandler
                0x080002b0                CAN0_7_IRQHandler
                0x080002b0                DSD0_1_IRQHandler
                0x080002b0                CCU41_2_IRQHandler
                0x080002b0                VADC0_C0_1_IRQHandler
                0x080002b0                CCU43_2_IRQHandler
                0x080002b0                USIC2_2_IRQHandler
                0x080002b0                MemManage_Handler
                0x080002b0                VADC0_G3_1_IRQHandler
                0x080002b0                DAC0_0_IRQHandler
                0x080002b0                SVC_Handler
                0x080002b0                VADC0_G3_3_IRQHandler
                0x080002b0                ERU1_2_IRQHandler
                0x080002b0                CCU41_1_IRQHandler
                0x080002b0                DSD0_6_IRQHandler
                0x080002b0                CCU43_1_IRQHandler
                0x080002b0                VADC0_G1_2_IRQHandler
                0x080002b0                USIC2_3_IRQHandler
                0x080002b0                CAN0_2_IRQHandler
                0x080002b0                USIC2_0_IRQHandler
                0x080002b0                VADC0_G0_2_IRQHandler
                0x080002b0                VADC0_G2_1_IRQHandler
                0x080002b0                CAN0_3_IRQHandler
                0x080002b0                ETH0_0_IRQHandler
                0x080002b0                USIC0_3_IRQHandler
                0x080002b0                DSD0_0_IRQHandler
                0x080002b0                VADC0_C0_2_IRQHandler
                0x080002b0                CCU42_0_IRQHandler
                0x080002b0                FCE0_0_IRQHandler
                0x080002b0                VADC0_G1_0_IRQHandler
                0x080002b0                USB0_0_IRQHandler
                0x080002b0                CAN0_5_IRQHandler
                0x080002b0                CCU80_0_IRQHandler
                0x080002b0                CCU40_1_IRQHandler
                0x080002b0                USIC2_1_IRQHandler
                0x080002b0                USIC0_1_IRQHandler
                0x080002b0                VADC0_G3_2_IRQHandler
                0x080002b0                CCU40_3_IRQHandler
                0x080002b0                BusFault_Handler
                0x080002b0                LEDTS0_0_IRQHandler
                0x080002b0                USIC0_4_IRQHandler
                0x080002b0                CCU43_3_IRQHandler
                0x080002b0                ERU0_1_IRQHandler
                0x080002b0                VADC0_G3_0_IRQHandler
                0x080002b0                USIC1_2_IRQHandler
                0x080002b0                DSD0_3_IRQHandler
                0x080002b0                SDMMC0_0_IRQHandler
                0x080002b0                CAN0_1_IRQHandler
                0x080002b0                USIC0_2_IRQHandler
                0x080002b0                DAC0_1_IRQHandler
                0x080002b0                GPDMA1_0_IRQHandler
 *(.text .text.* .gnu.linkonce.t.*)
 .text          0x080002b2        0x0 ./Startup/startup_XMC4500.o
 .text          0x080002b2        0x0 ./Startup/system_XMC4500.o
 *fill*         0x080002b2        0x2 
 .text.delay    0x080002b4       0x28 ./Startup/system_XMC4500.o
 .text.SystemInit
                0x080002dc       0x24 ./Startup/system_XMC4500.o
                0x080002dc                SystemInit
 .text.SystemCoreSetup
                0x08000300       0x60 ./Startup/system_XMC4500.o
                0x08000300                SystemCoreSetup
 .text.SystemCoreClockSetup
                0x08000360      0x208 ./Startup/system_XMC4500.o
                0x08000360                SystemCoreClockSetup
 .text.SystemCoreClockUpdate
                0x08000568       0xd4 ./Startup/system_XMC4500.o
                0x08000568                SystemCoreClockUpdate
 .text.OSCHP_GetFrequency
                0x0800063c       0x14 ./Startup/system_XMC4500.o
                0x0800063c                OSCHP_GetFrequency
 .text          0x08000650        0x0 ./Libraries/XMCLib/src/xmc4_eru.o
 .text.XMC_ERU_Enable
                0x08000650       0x24 ./Libraries/XMCLib/src/xmc4_eru.o
                0x08000650                XMC_ERU_Enable
 .text.XMC_ERU_Disable
                0x08000674       0x24 ./Libraries/XMCLib/src/xmc4_eru.o
                0x08000674                XMC_ERU_Disable
 .text          0x08000698        0x0 ./Libraries/XMCLib/src/xmc4_flash.o
 .text.XMC_FLASH_lEnterPageModeCommand
                0x08000698       0x20 ./Libraries/XMCLib/src/xmc4_flash.o
                0x08000698                XMC_FLASH_lEnterPageModeCommand
 .text.XMC_FLASH_lLoadPageCommand
                0x080006b8       0x30 ./Libraries/XMCLib/src/xmc4_flash.o
                0x080006b8                XMC_FLASH_lLoadPageCommand
 .text.XMC_FLASH_lWritePageCommand
                0x080006e8       0x44 ./Libraries/XMCLib/src/xmc4_flash.o
                0x080006e8                XMC_FLASH_lWritePageCommand
 .text.XMC_FLASH_lWriteUCBPageCommand
                0x0800072c       0x44 ./Libraries/XMCLib/src/xmc4_flash.o
                0x0800072c                XMC_FLASH_lWriteUCBPageCommand
 .text.XMC_FLASH_lEraseSectorCommand
                0x08000770       0x58 ./Libraries/XMCLib/src/xmc4_flash.o
                0x08000770                XMC_FLASH_lEraseSectorCommand
 .text.XMC_FLASH_lDisableSectorWriteProtectionCommand
                0x080007c8       0x64 ./Libraries/XMCLib/src/xmc4_flash.o
                0x080007c8                XMC_FLASH_lDisableSectorWriteProtectionCommand
 .text.XMC_FLASH_lDisableReadProtectionCommand
                0x0800082c       0x60 ./Libraries/XMCLib/src/xmc4_flash.o
                0x0800082c                XMC_FLASH_lDisableReadProtectionCommand
 .text.XMC_FLASH_lClearStatusCommand
                0x0800088c       0x20 ./Libraries/XMCLib/src/xmc4_flash.o
                0x0800088c                XMC_FLASH_lClearStatusCommand
 .text.XMC_FLASH_ClearStatus
                0x080008ac        0xc ./Libraries/XMCLib/src/xmc4_flash.o
                0x080008ac                XMC_FLASH_ClearStatus
 .text.XMC_FLASH_GetStatus
                0x080008b8       0x1c ./Libraries/XMCLib/src/xmc4_flash.o
                0x080008b8                XMC_FLASH_GetStatus
 .text.XMC_FLASH_EnableEvent
                0x080008d4       0x30 ./Libraries/XMCLib/src/xmc4_flash.o
                0x080008d4                XMC_FLASH_EnableEvent
 .text.XMC_FLASH_DisableEvent
                0x08000904       0x30 ./Libraries/XMCLib/src/xmc4_flash.o
                0x08000904                XMC_FLASH_DisableEvent
 .text.XMC_FLASH_ProgramPage
                0x08000934       0x68 ./Libraries/XMCLib/src/xmc4_flash.o
                0x08000934                XMC_FLASH_ProgramPage
 .text.XMC_FLASH_EraseSector
                0x0800099c       0x34 ./Libraries/XMCLib/src/xmc4_flash.o
                0x0800099c                XMC_FLASH_EraseSector
 .text.XMC_FLASH_lErasePhysicalSectorCommand
                0x080009d0       0x58 ./Libraries/XMCLib/src/xmc4_flash.o
                0x080009d0                XMC_FLASH_lErasePhysicalSectorCommand
 .text.XMC_FLASH_lRepairPhysicalSectorCommand
                0x08000a28       0x58 ./Libraries/XMCLib/src/xmc4_flash.o
                0x08000a28                XMC_FLASH_lRepairPhysicalSectorCommand
 .text.XMC_FLASH_ErasePhysicalSector
                0x08000a80       0x34 ./Libraries/XMCLib/src/xmc4_flash.o
                0x08000a80                XMC_FLASH_ErasePhysicalSector
 .text.XMC_FLASH_RepairPhysicalSector
                0x08000ab4       0x10 ./Libraries/XMCLib/src/xmc4_flash.o
                0x08000ab4                XMC_FLASH_RepairPhysicalSector
 .text.XMC_FLASH_EraseUCB
                0x08000ac4       0x70 ./Libraries/XMCLib/src/xmc4_flash.o
                0x08000ac4                XMC_FLASH_EraseUCB
 .text.XMC_FLASH_Reset
                0x08000b34       0x20 ./Libraries/XMCLib/src/xmc4_flash.o
                0x08000b34                XMC_FLASH_Reset
 .text.XMC_FLASH_InstallProtection
                0x08000b54       0x7c ./Libraries/XMCLib/src/xmc4_flash.o
                0x08000b54                XMC_FLASH_InstallProtection
 .text.XMC_FLASH_ConfirmProtection
                0x08000bd0       0x70 ./Libraries/XMCLib/src/xmc4_flash.o
                0x08000bd0                XMC_FLASH_ConfirmProtection
 .text.XMC_FLASH_VerifyReadProtection
                0x08000c40       0x48 ./Libraries/XMCLib/src/xmc4_flash.o
                0x08000c40                XMC_FLASH_VerifyReadProtection
 .text.XMC_FLASH_VerifyWriteProtection
                0x08000c88       0x84 ./Libraries/XMCLib/src/xmc4_flash.o
                0x08000c88                XMC_FLASH_VerifyWriteProtection
 .text.XMC_FLASH_ResumeProtection
                0x08000d0c       0x20 ./Libraries/XMCLib/src/xmc4_flash.o
                0x08000d0c                XMC_FLASH_ResumeProtection
 .text          0x08000d2c        0x0 ./Libraries/XMCLib/src/xmc4_gpio.o
 .text.XMC_GPIO_Init
                0x08000d2c      0x140 ./Libraries/XMCLib/src/xmc4_gpio.o
                0x08000d2c                XMC_GPIO_Init
 .text.XMC_GPIO_SetOutputStrength
                0x08000e6c       0x84 ./Libraries/XMCLib/src/xmc4_gpio.o
                0x08000e6c                XMC_GPIO_SetOutputStrength
 .text          0x08000ef0        0x0 ./Libraries/XMCLib/src/xmc4_rtc.o
 .text.XMC_RTC_IsRunning
                0x08000ef0       0x24 ./Libraries/XMCLib/src/xmc4_rtc.o
 .text.XMC_SCU_GetMirrorStatus
                0x08000f14       0x18 ./Libraries/XMCLib/src/xmc4_rtc.o
 .text.XMC_RTC_Enable
                0x08000f2c        0xc ./Libraries/XMCLib/src/xmc4_rtc.o
                0x08000f2c                XMC_RTC_Enable
 .text.XMC_RTC_Disable
                0x08000f38        0xc ./Libraries/XMCLib/src/xmc4_rtc.o
                0x08000f38                XMC_RTC_Disable
 .text.XMC_RTC_IsEnabled
                0x08000f44       0x10 ./Libraries/XMCLib/src/xmc4_rtc.o
                0x08000f44                XMC_RTC_IsEnabled
 .text.XMC_RTC_Init
                0x08000f54       0xa4 ./Libraries/XMCLib/src/xmc4_rtc.o
                0x08000f54                XMC_RTC_Init
 .text.XMC_RTC_EnableEvent
                0x08000ff8       0x30 ./Libraries/XMCLib/src/xmc4_rtc.o
                0x08000ff8                XMC_RTC_EnableEvent
 .text.XMC_RTC_DisableEvent
                0x08001028       0x34 ./Libraries/XMCLib/src/xmc4_rtc.o
                0x08001028                XMC_RTC_DisableEvent
 .text.XMC_RTC_ClearEvent
                0x0800105c       0x2c ./Libraries/XMCLib/src/xmc4_rtc.o
                0x0800105c                XMC_RTC_ClearEvent
 .text          0x08001088        0x0 ./Libraries/XMCLib/src/xmc4_scu.o
 .text.XMC_SCU_CLOCK_GetUsbClockSource
                0x08001088       0x18 ./Libraries/XMCLib/src/xmc4_scu.o
 .text.XMC_SCU_CLOCK_GetWdtClockSource
                0x080010a0       0x18 ./Libraries/XMCLib/src/xmc4_scu.o
 .text.XMC_SCU_CLOCK_GetExternalOutputClockSource
                0x080010b8       0x1c ./Libraries/XMCLib/src/xmc4_scu.o
 .text.XMC_SCU_CLOCK_GetSystemClockFrequency
                0x080010d4       0x24 ./Libraries/XMCLib/src/xmc4_scu.o
 .text.XMC_SCU_CLOCK_GetCpuClockFrequency
                0x080010f8       0x14 ./Libraries/XMCLib/src/xmc4_scu.o
 .text.XMC_SCU_lDelay
                0x0800110c       0x48 ./Libraries/XMCLib/src/xmc4_scu.o
 .text.XMC_SCU_INTERRUPT_EnableEvent
                0x08001154       0x24 ./Libraries/XMCLib/src/xmc4_scu.o
                0x08001154                XMC_SCU_INTERRUPT_EnableEvent
 .text.XMC_SCU_INTERRUPT_DisableEvent
                0x08001178       0x24 ./Libraries/XMCLib/src/xmc4_scu.o
                0x08001178                XMC_SCU_INTERRUPT_DisableEvent
 .text.XMC_SCU_INTERRUPT_TriggerEvent
                0x0800119c       0x24 ./Libraries/XMCLib/src/xmc4_scu.o
                0x0800119c                XMC_SCU_INTERRUPT_TriggerEvent
 .text.XMC_SCU_INTERUPT_GetEventStatus
                0x080011c0       0x14 ./Libraries/XMCLib/src/xmc4_scu.o
                0x080011c0                XMC_SCU_INTERUPT_GetEventStatus
 .text.XMC_SCU_INTERRUPT_ClearEventStatus
                0x080011d4       0x1c ./Libraries/XMCLib/src/xmc4_scu.o
                0x080011d4                XMC_SCU_INTERRUPT_ClearEventStatus
 .text.XMC_SCU_GetBootMode
                0x080011f0       0x18 ./Libraries/XMCLib/src/xmc4_scu.o
                0x080011f0                XMC_SCU_GetBootMode
 .text.XMC_SCU_SetBootMode
                0x08001208       0x20 ./Libraries/XMCLib/src/xmc4_scu.o
                0x08001208                XMC_SCU_SetBootMode
 .text.XMC_SCU_ReadGPR
                0x08001228       0x24 ./Libraries/XMCLib/src/xmc4_scu.o
                0x08001228                XMC_SCU_ReadGPR
 .text.XMC_SCU_WriteGPR
                0x0800124c       0x28 ./Libraries/XMCLib/src/xmc4_scu.o
                0x0800124c                XMC_SCU_WriteGPR
 .text.XMC_SCU_EnableOutOfRangeComparator
                0x08001274       0x38 ./Libraries/XMCLib/src/xmc4_scu.o
                0x08001274                XMC_SCU_EnableOutOfRangeComparator
 .text.XMC_SCU_DisableOutOfRangeComparator
                0x080012ac       0x38 ./Libraries/XMCLib/src/xmc4_scu.o
                0x080012ac                XMC_SCU_DisableOutOfRangeComparator
 .text.XMC_SCU_CalibrateTemperatureSensor
                0x080012e4       0x2c ./Libraries/XMCLib/src/xmc4_scu.o
                0x080012e4                XMC_SCU_CalibrateTemperatureSensor
 .text.XMC_SCU_EnableTemperatureSensor
                0x08001310       0x20 ./Libraries/XMCLib/src/xmc4_scu.o
                0x08001310                XMC_SCU_EnableTemperatureSensor
 .text.XMC_SCU_DisableTemperatureSensor
                0x08001330       0x20 ./Libraries/XMCLib/src/xmc4_scu.o
                0x08001330                XMC_SCU_DisableTemperatureSensor
 .text.XMC_SCU_IsTemperatureSensorEnabled
                0x08001350       0x24 ./Libraries/XMCLib/src/xmc4_scu.o
                0x08001350                XMC_SCU_IsTemperatureSensorEnabled
 .text.XMC_SCU_IsTemperatureSensorReady
                0x08001374       0x24 ./Libraries/XMCLib/src/xmc4_scu.o
                0x08001374                XMC_SCU_IsTemperatureSensorReady
 .text.XMC_SCU_StartTemperatureMeasurement
                0x08001398       0x4c ./Libraries/XMCLib/src/xmc4_scu.o
                0x08001398                XMC_SCU_StartTemperatureMeasurement
 .text.XMC_SCU_GetTemperatureMeasurement
                0x080013e4       0x38 ./Libraries/XMCLib/src/xmc4_scu.o
                0x080013e4                XMC_SCU_GetTemperatureMeasurement
 .text.XMC_SCU_IsTemperatureSensorBusy
                0x0800141c       0x24 ./Libraries/XMCLib/src/xmc4_scu.o
                0x0800141c                XMC_SCU_IsTemperatureSensorBusy
 .text.XMC_SCU_WriteToRetentionMemory
                0x08001440       0x4c ./Libraries/XMCLib/src/xmc4_scu.o
                0x08001440                XMC_SCU_WriteToRetentionMemory
 .text.XMC_SCU_ReadFromRetentionMemory
                0x0800148c       0x48 ./Libraries/XMCLib/src/xmc4_scu.o
                0x0800148c                XMC_SCU_ReadFromRetentionMemory
 .text.XMC_SCU_CLOCK_Init
                0x080014d4       0xdc ./Libraries/XMCLib/src/xmc4_scu.o
                0x080014d4                XMC_SCU_CLOCK_Init
 .text.XMC_SCU_TRAP_Enable
                0x080015b0       0x24 ./Libraries/XMCLib/src/xmc4_scu.o
                0x080015b0                XMC_SCU_TRAP_Enable
 .text.XMC_SCU_TRAP_Disable
                0x080015d4       0x24 ./Libraries/XMCLib/src/xmc4_scu.o
                0x080015d4                XMC_SCU_TRAP_Disable
 .text.XMC_SCU_TRAP_GetStatus
                0x080015f8       0x14 ./Libraries/XMCLib/src/xmc4_scu.o
                0x080015f8                XMC_SCU_TRAP_GetStatus
 .text.XMC_SCU_TRAP_Trigger
                0x0800160c       0x1c ./Libraries/XMCLib/src/xmc4_scu.o
                0x0800160c                XMC_SCU_TRAP_Trigger
 .text.XMC_SCU_TRAP_ClearStatus
                0x08001628       0x1c ./Libraries/XMCLib/src/xmc4_scu.o
                0x08001628                XMC_SCU_TRAP_ClearStatus
 .text.XMC_SCU_PARITY_ClearStatus
                0x08001644       0x24 ./Libraries/XMCLib/src/xmc4_scu.o
                0x08001644                XMC_SCU_PARITY_ClearStatus
 .text.XMC_SCU_PARITY_GetStatus
                0x08001668       0x14 ./Libraries/XMCLib/src/xmc4_scu.o
                0x08001668                XMC_SCU_PARITY_GetStatus
 .text.XMC_SCU_PARITY_Enable
                0x0800167c       0x24 ./Libraries/XMCLib/src/xmc4_scu.o
                0x0800167c                XMC_SCU_PARITY_Enable
 .text.XMC_SCU_PARITY_Disable
                0x080016a0       0x24 ./Libraries/XMCLib/src/xmc4_scu.o
                0x080016a0                XMC_SCU_PARITY_Disable
 .text.XMC_SCU_PARITY_EnableTrapGeneration
                0x080016c4       0x24 ./Libraries/XMCLib/src/xmc4_scu.o
                0x080016c4                XMC_SCU_PARITY_EnableTrapGeneration
 .text.XMC_SCU_PARITY_DisableTrapGeneration
                0x080016e8       0x24 ./Libraries/XMCLib/src/xmc4_scu.o
                0x080016e8                XMC_SCU_PARITY_DisableTrapGeneration
 .text.XMC_SCU_INTERRUPT_EnableNmiRequest
                0x0800170c       0x24 ./Libraries/XMCLib/src/xmc4_scu.o
                0x0800170c                XMC_SCU_INTERRUPT_EnableNmiRequest
 .text.XMC_SCU_INTERRUPT_DisableNmiRequest
                0x08001730       0x24 ./Libraries/XMCLib/src/xmc4_scu.o
                0x08001730                XMC_SCU_INTERRUPT_DisableNmiRequest
 .text.XMC_SCU_RESET_AssertPeripheralReset
                0x08001754       0x38 ./Libraries/XMCLib/src/xmc4_scu.o
                0x08001754                XMC_SCU_RESET_AssertPeripheralReset
 .text.XMC_SCU_RESET_DeassertPeripheralReset
                0x0800178c       0x38 ./Libraries/XMCLib/src/xmc4_scu.o
                0x0800178c                XMC_SCU_RESET_DeassertPeripheralReset
 .text.XMC_SCU_RESET_IsPeripheralResetAsserted
                0x080017c4       0x44 ./Libraries/XMCLib/src/xmc4_scu.o
                0x080017c4                XMC_SCU_RESET_IsPeripheralResetAsserted
 .text.XMC_SCU_CLOCK_GetSystemPllClockFrequency
                0x08001808       0x7c ./Libraries/XMCLib/src/xmc4_scu.o
                0x08001808                XMC_SCU_CLOCK_GetSystemPllClockFrequency
 .text.XMC_SCU_CLOCK_GetSystemPllClockSourceFrequency
                0x08001884       0x30 ./Libraries/XMCLib/src/xmc4_scu.o
                0x08001884                XMC_SCU_CLOCK_GetSystemPllClockSourceFrequency
 .text.XMC_SCU_CLOCK_GetUsbPllClockFrequency
                0x080018b4       0x54 ./Libraries/XMCLib/src/xmc4_scu.o
                0x080018b4                XMC_SCU_CLOCK_GetUsbPllClockFrequency
 .text.XMC_SCU_CLOCK_GetCcuClockFrequency
                0x08001908       0x2c ./Libraries/XMCLib/src/xmc4_scu.o
                0x08001908                XMC_SCU_CLOCK_GetCcuClockFrequency
 .text.XMC_SCU_CLOCK_GetUsbClockFrequency
                0x08001934       0x48 ./Libraries/XMCLib/src/xmc4_scu.o
                0x08001934                XMC_SCU_CLOCK_GetUsbClockFrequency
 .text.XMC_SCU_CLOCK_GetEbuClockFrequency
                0x0800197c       0x28 ./Libraries/XMCLib/src/xmc4_scu.o
                0x0800197c                XMC_SCU_CLOCK_GetEbuClockFrequency
 .text.XMC_SCU_CLOCK_GetWdtClockFrequency
                0x080019a4       0x58 ./Libraries/XMCLib/src/xmc4_scu.o
                0x080019a4                XMC_SCU_CLOCK_GetWdtClockFrequency
 .text.XMC_SCU_CLOCK_GetExternalOutputClockFrequency
                0x080019fc       0x74 ./Libraries/XMCLib/src/xmc4_scu.o
                0x080019fc                XMC_SCU_CLOCK_GetExternalOutputClockFrequency
 .text.XMC_SCU_CLOCK_GetPeripheralClockFrequency
                0x08001a70       0x20 ./Libraries/XMCLib/src/xmc4_scu.o
                0x08001a70                XMC_SCU_CLOCK_GetPeripheralClockFrequency
 .text.XMC_SCU_CLOCK_SetSystemClockSource
                0x08001a90       0x28 ./Libraries/XMCLib/src/xmc4_scu.o
                0x08001a90                XMC_SCU_CLOCK_SetSystemClockSource
 .text.XMC_SCU_CLOCK_SetUsbClockSource
                0x08001ab8       0x28 ./Libraries/XMCLib/src/xmc4_scu.o
                0x08001ab8                XMC_SCU_CLOCK_SetUsbClockSource
 .text.XMC_SCU_CLOCK_SetWdtClockSource
                0x08001ae0       0x28 ./Libraries/XMCLib/src/xmc4_scu.o
                0x08001ae0                XMC_SCU_CLOCK_SetWdtClockSource
 .text.XMC_SCU_CLOCK_SetExternalOutputClockSource
                0x08001b08       0x28 ./Libraries/XMCLib/src/xmc4_scu.o
                0x08001b08                XMC_SCU_CLOCK_SetExternalOutputClockSource
 .text.XMC_SCU_CLOCK_SetSystemPllClockSource
                0x08001b30       0x40 ./Libraries/XMCLib/src/xmc4_scu.o
                0x08001b30                XMC_SCU_CLOCK_SetSystemPllClockSource
 .text.XMC_SCU_HIB_SetRtcClockSource
                0x08001b70       0x3c ./Libraries/XMCLib/src/xmc4_scu.o
                0x08001b70                XMC_SCU_HIB_SetRtcClockSource
 .text.XMC_SCU_HIB_SetStandbyClockSource
                0x08001bac       0x3c ./Libraries/XMCLib/src/xmc4_scu.o
                0x08001bac                XMC_SCU_HIB_SetStandbyClockSource
 .text.XMC_SCU_CLOCK_SetSystemClockDivider
                0x08001be8       0x28 ./Libraries/XMCLib/src/xmc4_scu.o
                0x08001be8                XMC_SCU_CLOCK_SetSystemClockDivider
 .text.XMC_SCU_CLOCK_SetCcuClockDivider
                0x08001c10       0x28 ./Libraries/XMCLib/src/xmc4_scu.o
                0x08001c10                XMC_SCU_CLOCK_SetCcuClockDivider
 .text.XMC_SCU_CLOCK_SetCpuClockDivider
                0x08001c38       0x28 ./Libraries/XMCLib/src/xmc4_scu.o
                0x08001c38                XMC_SCU_CLOCK_SetCpuClockDivider
 .text.XMC_SCU_CLOCK_SetPeripheralClockDivider
                0x08001c60       0x28 ./Libraries/XMCLib/src/xmc4_scu.o
                0x08001c60                XMC_SCU_CLOCK_SetPeripheralClockDivider
 .text.XMC_SCU_CLOCK_SetUsbClockDivider
                0x08001c88       0x28 ./Libraries/XMCLib/src/xmc4_scu.o
                0x08001c88                XMC_SCU_CLOCK_SetUsbClockDivider
 .text.XMC_SCU_CLOCK_SetEbuClockDivider
                0x08001cb0       0x28 ./Libraries/XMCLib/src/xmc4_scu.o
                0x08001cb0                XMC_SCU_CLOCK_SetEbuClockDivider
 .text.XMC_SCU_CLOCK_SetWdtClockDivider
                0x08001cd8       0x28 ./Libraries/XMCLib/src/xmc4_scu.o
                0x08001cd8                XMC_SCU_CLOCK_SetWdtClockDivider
 .text.XMC_SCU_CLOCK_SetExternalOutputClockDivider
                0x08001d00       0x30 ./Libraries/XMCLib/src/xmc4_scu.o
                0x08001d00                XMC_SCU_CLOCK_SetExternalOutputClockDivider
 .text.XMC_SCU_CLOCK_EnableClock
                0x08001d30       0x20 ./Libraries/XMCLib/src/xmc4_scu.o
                0x08001d30                XMC_SCU_CLOCK_EnableClock
 .text.XMC_SCU_CLOCK_DisableClock
                0x08001d50       0x20 ./Libraries/XMCLib/src/xmc4_scu.o
                0x08001d50                XMC_SCU_CLOCK_DisableClock
 .text.XMC_SCU_CLOCK_IsClockEnabled
                0x08001d70       0x2c ./Libraries/XMCLib/src/xmc4_scu.o
                0x08001d70                XMC_SCU_CLOCK_IsClockEnabled
 .text.XMC_SCU_POWER_GetEVR13Voltage
                0x08001d9c       0x28 ./Libraries/XMCLib/src/xmc4_scu.o
                0x08001d9c                XMC_SCU_POWER_GetEVR13Voltage
 .text.XMC_SCU_POWER_GetEVR33Voltage
                0x08001dc4       0x2c ./Libraries/XMCLib/src/xmc4_scu.o
                0x08001dc4                XMC_SCU_POWER_GetEVR33Voltage
 .text.XMC_SCU_CLOCK_EnableUsbPll
                0x08001df0       0x20 ./Libraries/XMCLib/src/xmc4_scu.o
                0x08001df0                XMC_SCU_CLOCK_EnableUsbPll
 .text.XMC_SCU_CLOCK_DisableUsbPll
                0x08001e10       0x20 ./Libraries/XMCLib/src/xmc4_scu.o
                0x08001e10                XMC_SCU_CLOCK_DisableUsbPll
 .text.XMC_SCU_CLOCK_StartUsbPll
                0x08001e30       0x74 ./Libraries/XMCLib/src/xmc4_scu.o
                0x08001e30                XMC_SCU_CLOCK_StartUsbPll
 .text.XMC_SCU_CLOCK_StopUsbPll
                0x08001ea4       0x1c ./Libraries/XMCLib/src/xmc4_scu.o
                0x08001ea4                XMC_SCU_CLOCK_StopUsbPll
 .text.XMC_SCU_CLOCK_SetBackupClockCalibrationMode
                0x08001ec0       0x4c ./Libraries/XMCLib/src/xmc4_scu.o
                0x08001ec0                XMC_SCU_CLOCK_SetBackupClockCalibrationMode
 .text.XMC_SCU_POWER_EnableUsb
                0x08001f0c       0x18 ./Libraries/XMCLib/src/xmc4_scu.o
                0x08001f0c                XMC_SCU_POWER_EnableUsb
 .text.XMC_SCU_POWER_DisableUsb
                0x08001f24       0x18 ./Libraries/XMCLib/src/xmc4_scu.o
                0x08001f24                XMC_SCU_POWER_DisableUsb
 .text.XMC_SCU_CLOCK_IsUsbPllLocked
                0x08001f3c       0x24 ./Libraries/XMCLib/src/xmc4_scu.o
                0x08001f3c                XMC_SCU_CLOCK_IsUsbPllLocked
 .text.XMC_SCU_HIB_EnableHibernateDomain
                0x08001f60       0x58 ./Libraries/XMCLib/src/xmc4_scu.o
                0x08001f60                XMC_SCU_HIB_EnableHibernateDomain
 .text.XMC_SCU_HIB_DisableHibernateDomain
                0x08001fb8       0x24 ./Libraries/XMCLib/src/xmc4_scu.o
                0x08001fb8                XMC_SCU_HIB_DisableHibernateDomain
 .text.XMC_SCU_HIB_IsHibernateDomainEnabled
                0x08001fdc       0x38 ./Libraries/XMCLib/src/xmc4_scu.o
                0x08001fdc                XMC_SCU_HIB_IsHibernateDomainEnabled
 .text.XMC_SCU_HIB_EnableInternalSlowClock
                0x08002014       0x30 ./Libraries/XMCLib/src/xmc4_scu.o
                0x08002014                XMC_SCU_HIB_EnableInternalSlowClock
 .text.XMC_SCU_HIB_DisableInternalSlowClock
                0x08002044       0x30 ./Libraries/XMCLib/src/xmc4_scu.o
                0x08002044                XMC_SCU_HIB_DisableInternalSlowClock
 .text.XMC_SCU_HIB_ClearEventStatus
                0x08002074       0x30 ./Libraries/XMCLib/src/xmc4_scu.o
                0x08002074                XMC_SCU_HIB_ClearEventStatus
 .text.XMC_SCU_HIB_TriggerEvent
                0x080020a4       0x30 ./Libraries/XMCLib/src/xmc4_scu.o
                0x080020a4                XMC_SCU_HIB_TriggerEvent
 .text.XMC_SCU_HIB_EnableEvent
                0x080020d4       0x38 ./Libraries/XMCLib/src/xmc4_scu.o
                0x080020d4                XMC_SCU_HIB_EnableEvent
 .text.XMC_SCU_HIB_DisableEvent
                0x0800210c       0x38 ./Libraries/XMCLib/src/xmc4_scu.o
                0x0800210c                XMC_SCU_HIB_DisableEvent
 .text.XMC_SCU_HIB_EnterHibernateState
                0x08002144       0x30 ./Libraries/XMCLib/src/xmc4_scu.o
                0x08002144                XMC_SCU_HIB_EnterHibernateState
 .text.XMC_SCU_HIB_EnterHibernateStateEx
                0x08002174       0x1c ./Libraries/XMCLib/src/xmc4_scu.o
                0x08002174                XMC_SCU_HIB_EnterHibernateStateEx
 .text.XMC_SCU_HIB_SetWakeupTriggerInput
                0x08002190       0x4c ./Libraries/XMCLib/src/xmc4_scu.o
                0x08002190                XMC_SCU_HIB_SetWakeupTriggerInput
 .text.XMC_SCU_HIB_SetPinMode
                0x080021dc       0x54 ./Libraries/XMCLib/src/xmc4_scu.o
                0x080021dc                XMC_SCU_HIB_SetPinMode
 .text.XMC_SCU_HIB_SetPinOutputLevel
                0x08002230       0x54 ./Libraries/XMCLib/src/xmc4_scu.o
                0x08002230                XMC_SCU_HIB_SetPinOutputLevel
 .text.XMC_SCU_HIB_SetInput0
                0x08002284       0x4c ./Libraries/XMCLib/src/xmc4_scu.o
                0x08002284                XMC_SCU_HIB_SetInput0
 .text.XMC_SCU_HIB_SetSR0Input
                0x080022d0       0x3c ./Libraries/XMCLib/src/xmc4_scu.o
                0x080022d0                XMC_SCU_HIB_SetSR0Input
 .text.XMC_SCU_CLOCK_IsLowPowerOscillatorStable
                0x0800230c       0x24 ./Libraries/XMCLib/src/xmc4_scu.o
                0x0800230c                XMC_SCU_CLOCK_IsLowPowerOscillatorStable
 .text.XMC_SCU_CLOCK_EnableLowPowerOscillator
                0x08002330       0x64 ./Libraries/XMCLib/src/xmc4_scu.o
                0x08002330                XMC_SCU_CLOCK_EnableLowPowerOscillator
 .text.XMC_SCU_CLOCK_DisableLowPowerOscillator
                0x08002394       0x30 ./Libraries/XMCLib/src/xmc4_scu.o
                0x08002394                XMC_SCU_CLOCK_DisableLowPowerOscillator
 .text.XMC_SCU_CLOCK_EnableLowPowerOscillatorGeneralPurposeInput
                0x080023c4       0x30 ./Libraries/XMCLib/src/xmc4_scu.o
                0x080023c4                XMC_SCU_CLOCK_EnableLowPowerOscillatorGeneralPurposeInput
 .text.XMC_SCU_CLOCK_DisableLowPowerOscillatorGeneralPurposeInput
                0x080023f4       0x34 ./Libraries/XMCLib/src/xmc4_scu.o
                0x080023f4                XMC_SCU_CLOCK_DisableLowPowerOscillatorGeneralPurposeInput
 .text.XMC_SCU_CLOCK_GetLowPowerOscillatorGeneralPurposeInputStatus
                0x08002428       0x18 ./Libraries/XMCLib/src/xmc4_scu.o
                0x08002428                XMC_SCU_CLOCK_GetLowPowerOscillatorGeneralPurposeInputStatus
 .text.XMC_SCU_CLOCK_EnableHighPerformanceOscillator
                0x08002440       0x50 ./Libraries/XMCLib/src/xmc4_scu.o
                0x08002440                XMC_SCU_CLOCK_EnableHighPerformanceOscillator
 .text.XMC_SCU_CLOCK_IsHighPerformanceOscillatorStable
                0x08002490       0x24 ./Libraries/XMCLib/src/xmc4_scu.o
                0x08002490                XMC_SCU_CLOCK_IsHighPerformanceOscillatorStable
 .text.XMC_SCU_CLOCK_DisableHighPerformanceOscillator
                0x080024b4       0x1c ./Libraries/XMCLib/src/xmc4_scu.o
                0x080024b4                XMC_SCU_CLOCK_DisableHighPerformanceOscillator
 .text.XMC_SCU_CLOCK_EnableHighPerformanceOscillatorGeneralPurposeInput
                0x080024d0       0x1c ./Libraries/XMCLib/src/xmc4_scu.o
                0x080024d0                XMC_SCU_CLOCK_EnableHighPerformanceOscillatorGeneralPurposeInput
 .text.XMC_SCU_CLOCK_DisableHighPerformanceOscillatorGeneralPurposeInput
                0x080024ec       0x1c ./Libraries/XMCLib/src/xmc4_scu.o
                0x080024ec                XMC_SCU_CLOCK_DisableHighPerformanceOscillatorGeneralPurposeInput
 .text.XMC_SCU_CLOCK_GetHighPerformanceOscillatorGeneralPurposeInputStatus
                0x08002508       0x18 ./Libraries/XMCLib/src/xmc4_scu.o
                0x08002508                XMC_SCU_CLOCK_GetHighPerformanceOscillatorGeneralPurposeInputStatus
 .text.XMC_SCU_CLOCK_EnableSystemPll
                0x08002520       0x20 ./Libraries/XMCLib/src/xmc4_scu.o
                0x08002520                XMC_SCU_CLOCK_EnableSystemPll
 .text.XMC_SCU_CLOCK_DisableSystemPll
                0x08002540       0x20 ./Libraries/XMCLib/src/xmc4_scu.o
                0x08002540                XMC_SCU_CLOCK_DisableSystemPll
 .text.XMC_SCU_CLOCK_StartSystemPll
                0x08002560      0x178 ./Libraries/XMCLib/src/xmc4_scu.o
                0x08002560                XMC_SCU_CLOCK_StartSystemPll
 .text.XMC_SCU_CLOCK_StopSystemPll
                0x080026d8       0x1c ./Libraries/XMCLib/src/xmc4_scu.o
                0x080026d8                XMC_SCU_CLOCK_StopSystemPll
 .text.XMC_SCU_CLOCK_StepSystemPllFrequency
                0x080026f4       0x30 ./Libraries/XMCLib/src/xmc4_scu.o
                0x080026f4                XMC_SCU_CLOCK_StepSystemPllFrequency
 .text.XMC_SCU_CLOCK_IsSystemPllLocked
                0x08002724       0x24 ./Libraries/XMCLib/src/xmc4_scu.o
                0x08002724                XMC_SCU_CLOCK_IsSystemPllLocked
 .text.XMC_SCU_INTERRUPT_SetEventHandler
                0x08002748       0x58 ./Libraries/XMCLib/src/xmc4_scu.o
                0x08002748                XMC_SCU_INTERRUPT_SetEventHandler
 .text.XMC_SCU_IRQHandler
                0x080027a0       0x60 ./Libraries/XMCLib/src/xmc4_scu.o
                0x080027a0                XMC_SCU_IRQHandler
 .text          0x08002800        0x0 ./Libraries/XMCLib/src/xmc_can.o
 .text.XMC_CAN_IsPanelControlReady
                0x08002800       0x28 ./Libraries/XMCLib/src/xmc_can.o
 .text.XMC_CAN_PanelControl
                0x08002828       0x3c ./Libraries/XMCLib/src/xmc_can.o
 .text.XMC_CAN_NODE_EnableConfigurationChange
                0x08002864       0x20 ./Libraries/XMCLib/src/xmc_can.o
 .text.XMC_CAN_NODE_DisableConfigurationChange
                0x08002884       0x20 ./Libraries/XMCLib/src/xmc_can.o
 .text.max      0x080028a4       0x20 ./Libraries/XMCLib/src/xmc_can.o
 .text.min      0x080028c4       0x20 ./Libraries/XMCLib/src/xmc_can.o
 .text.XMC_CAN_NODE_NominalBitTimeConfigure
                0x080028e4      0x1cc ./Libraries/XMCLib/src/xmc_can.o
                0x080028e4                XMC_CAN_NODE_NominalBitTimeConfigure
 .text.XMC_CAN_AllocateMOtoNodeList
                0x08002ab0       0x3c ./Libraries/XMCLib/src/xmc_can.o
                0x08002ab0                XMC_CAN_AllocateMOtoNodeList
 .text.XMC_CAN_Disable
                0x08002aec       0x20 ./Libraries/XMCLib/src/xmc_can.o
                0x08002aec                XMC_CAN_Disable
 .text.XMC_CAN_Enable
                0x08002b0c       0x34 ./Libraries/XMCLib/src/xmc_can.o
                0x08002b0c                XMC_CAN_Enable
 .text.XMC_CAN_Init
                0x08002b40       0xd8 ./Libraries/XMCLib/src/xmc_can.o
                0x08002b40                XMC_CAN_Init
 .text.XMC_CAN_MO_SetIdentifier
                0x08002c18       0x68 ./Libraries/XMCLib/src/xmc_can.o
                0x08002c18                XMC_CAN_MO_SetIdentifier
 .text.XMC_CAN_MO_GetIdentifier
                0x08002c80       0x40 ./Libraries/XMCLib/src/xmc_can.o
                0x08002c80                XMC_CAN_MO_GetIdentifier
 .text.XMC_CAN_MO_GetAcceptanceMask
                0x08002cc0       0x4c ./Libraries/XMCLib/src/xmc_can.o
                0x08002cc0                XMC_CAN_MO_GetAcceptanceMask
 .text.XMC_CAN_MO_SetAcceptanceMask
                0x08002d0c       0x70 ./Libraries/XMCLib/src/xmc_can.o
                0x08002d0c                XMC_CAN_MO_SetAcceptanceMask
 .text.XMC_CAN_MO_Config
                0x08002d7c      0x12c ./Libraries/XMCLib/src/xmc_can.o
                0x08002d7c                XMC_CAN_MO_Config
 .text.XMC_CAN_MO_UpdateData
                0x08002ea8       0x70 ./Libraries/XMCLib/src/xmc_can.o
                0x08002ea8                XMC_CAN_MO_UpdateData
 .text.XMC_CAN_MO_Transmit
                0x08002f18       0x5c ./Libraries/XMCLib/src/xmc_can.o
                0x08002f18                XMC_CAN_MO_Transmit
 .text.XMC_CAN_MO_ReceiveData
                0x08002f74       0x94 ./Libraries/XMCLib/src/xmc_can.o
                0x08002f74                XMC_CAN_MO_ReceiveData
 .text.XMC_CAN_MO_Receive
                0x08003008      0x19c ./Libraries/XMCLib/src/xmc_can.o
                0x08003008                XMC_CAN_MO_Receive
 .text.XMC_CAN_NODE_EnableEvent
                0x080031a4       0x38 ./Libraries/XMCLib/src/xmc_can.o
                0x080031a4                XMC_CAN_NODE_EnableEvent
 .text.XMC_CAN_NODE_DisableEvent
                0x080031dc       0x3c ./Libraries/XMCLib/src/xmc_can.o
                0x080031dc                XMC_CAN_NODE_DisableEvent
 .text.XMC_CAN_TXFIFO_Transmit
                0x08003218       0x74 ./Libraries/XMCLib/src/xmc_can.o
                0x08003218                XMC_CAN_TXFIFO_Transmit
 .text.XMC_CAN_TXFIFO_ConfigMOBaseObject
                0x0800328c       0x50 ./Libraries/XMCLib/src/xmc_can.o
                0x0800328c                XMC_CAN_TXFIFO_ConfigMOBaseObject
 .text.XMC_CAN_RXFIFO_ConfigMOBaseObject
                0x080032dc       0x50 ./Libraries/XMCLib/src/xmc_can.o
                0x080032dc                XMC_CAN_RXFIFO_ConfigMOBaseObject
 .text.XMC_CAN_TXFIFO_ConfigMOSlaveObject
                0x0800332c       0x50 ./Libraries/XMCLib/src/xmc_can.o
                0x0800332c                XMC_CAN_TXFIFO_ConfigMOSlaveObject
 .text.XMC_CAN_GATEWAY_InitSourceObject
                0x0800337c       0x64 ./Libraries/XMCLib/src/xmc_can.o
                0x0800337c                XMC_CAN_GATEWAY_InitSourceObject
 .text          0x080033e0        0x0 ./Libraries/XMCLib/src/xmc_ccu4.o
 .text.XMC_CCU4_StartPrescaler
                0x080033e0       0x20 ./Libraries/XMCLib/src/xmc_ccu4.o
 .text.XMC_CCU4_SLICE_SetDitherCompareValue
                0x08003400       0x1c ./Libraries/XMCLib/src/xmc_ccu4.o
 .text.XMC_CCU4_lAssertReset
                0x0800341c       0x68 ./Libraries/XMCLib/src/xmc_ccu4.o
 .text.XMC_CCU4_lDeassertReset
                0x08003484       0x68 ./Libraries/XMCLib/src/xmc_ccu4.o
 .text.XMC_CCU4_EnableModule
                0x080034ec       0x1c ./Libraries/XMCLib/src/xmc_ccu4.o
                0x080034ec                XMC_CCU4_EnableModule
 .text.XMC_CCU4_DisableModule
                0x08003508       0x18 ./Libraries/XMCLib/src/xmc_ccu4.o
                0x08003508                XMC_CCU4_DisableModule
 .text.XMC_CCU4_Init
                0x08003520       0x40 ./Libraries/XMCLib/src/xmc_ccu4.o
                0x08003520                XMC_CCU4_Init
 .text.XMC_CCU4_SetModuleClock
                0x08003560       0x34 ./Libraries/XMCLib/src/xmc_ccu4.o
                0x08003560                XMC_CCU4_SetModuleClock
 .text.XMC_CCU4_SetMultiChannelShadowTransferMode
                0x08003594       0x38 ./Libraries/XMCLib/src/xmc_ccu4.o
                0x08003594                XMC_CCU4_SetMultiChannelShadowTransferMode
 .text.XMC_CCU4_SLICE_CompareInit
                0x080035cc       0x6c ./Libraries/XMCLib/src/xmc_ccu4.o
                0x080035cc                XMC_CCU4_SLICE_CompareInit
 .text.XMC_CCU4_SLICE_CaptureInit
                0x08003638       0x4c ./Libraries/XMCLib/src/xmc_ccu4.o
                0x08003638                XMC_CCU4_SLICE_CaptureInit
 .text.XMC_CCU4_SLICE_StartConfig
                0x08003684       0x5c ./Libraries/XMCLib/src/xmc_ccu4.o
                0x08003684                XMC_CCU4_SLICE_StartConfig
 .text.XMC_CCU4_SLICE_StopConfig
                0x080036e0       0x58 ./Libraries/XMCLib/src/xmc_ccu4.o
                0x080036e0                XMC_CCU4_SLICE_StopConfig
 .text.XMC_CCU4_SLICE_LoadConfig
                0x08003738       0x34 ./Libraries/XMCLib/src/xmc_ccu4.o
                0x08003738                XMC_CCU4_SLICE_LoadConfig
 .text.XMC_CCU4_SLICE_ModulationConfig
                0x0800376c       0x80 ./Libraries/XMCLib/src/xmc_ccu4.o
                0x0800376c                XMC_CCU4_SLICE_ModulationConfig
 .text.XMC_CCU4_SLICE_CountConfig
                0x080037ec       0x34 ./Libraries/XMCLib/src/xmc_ccu4.o
                0x080037ec                XMC_CCU4_SLICE_CountConfig
 .text.XMC_CCU4_SLICE_GateConfig
                0x08003820       0x34 ./Libraries/XMCLib/src/xmc_ccu4.o
                0x08003820                XMC_CCU4_SLICE_GateConfig
 .text.XMC_CCU4_SLICE_Capture0Config
                0x08003854       0x34 ./Libraries/XMCLib/src/xmc_ccu4.o
                0x08003854                XMC_CCU4_SLICE_Capture0Config
 .text.XMC_CCU4_SLICE_Capture1Config
                0x08003888       0x34 ./Libraries/XMCLib/src/xmc_ccu4.o
                0x08003888                XMC_CCU4_SLICE_Capture1Config
 .text.XMC_CCU4_SLICE_DirectionConfig
                0x080038bc       0x34 ./Libraries/XMCLib/src/xmc_ccu4.o
                0x080038bc                XMC_CCU4_SLICE_DirectionConfig
 .text.XMC_CCU4_SLICE_StatusBitOverrideConfig
                0x080038f0       0x30 ./Libraries/XMCLib/src/xmc_ccu4.o
                0x080038f0                XMC_CCU4_SLICE_StatusBitOverrideConfig
 .text.XMC_CCU4_SLICE_TrapConfig
                0x08003920       0x74 ./Libraries/XMCLib/src/xmc_ccu4.o
                0x08003920                XMC_CCU4_SLICE_TrapConfig
 .text.XMC_CCU4_SLICE_ConfigureStatusBitOverrideEvent
                0x08003994       0xc4 ./Libraries/XMCLib/src/xmc_ccu4.o
                0x08003994                XMC_CCU4_SLICE_ConfigureStatusBitOverrideEvent
 .text.XMC_CCU4_SLICE_ConfigureEvent
                0x08003a58       0xd4 ./Libraries/XMCLib/src/xmc_ccu4.o
                0x08003a58                XMC_CCU4_SLICE_ConfigureEvent
 .text.XMC_CCU4_SLICE_SetInput
                0x08003b2c       0x50 ./Libraries/XMCLib/src/xmc_ccu4.o
                0x08003b2c                XMC_CCU4_SLICE_SetInput
 .text.XMC_CCU4_SLICE_SetTimerRepeatMode
                0x08003b7c       0x38 ./Libraries/XMCLib/src/xmc_ccu4.o
                0x08003b7c                XMC_CCU4_SLICE_SetTimerRepeatMode
 .text.XMC_CCU4_SLICE_SetTimerCountingMode
                0x08003bb4       0x38 ./Libraries/XMCLib/src/xmc_ccu4.o
                0x08003bb4                XMC_CCU4_SLICE_SetTimerCountingMode
 .text.XMC_CCU4_SLICE_GetCaptureRegisterValue
                0x08003bec       0x24 ./Libraries/XMCLib/src/xmc_ccu4.o
                0x08003bec                XMC_CCU4_SLICE_GetCaptureRegisterValue
 .text.XMC_CCU4_SLICE_GetLastCapturedTimerValue
                0x08003c10       0x8c ./Libraries/XMCLib/src/xmc_ccu4.o
                0x08003c10                XMC_CCU4_SLICE_GetLastCapturedTimerValue
 .text.XMC_CCU4_GetCapturedValueFromFifo
                0x08003c9c       0x38 ./Libraries/XMCLib/src/xmc_ccu4.o
                0x08003c9c                XMC_CCU4_GetCapturedValueFromFifo
 .text.XMC_CCU4_SLICE_EnableDithering
                0x08003cd4       0x5c ./Libraries/XMCLib/src/xmc_ccu4.o
                0x08003cd4                XMC_CCU4_SLICE_EnableDithering
 .text.XMC_CCU4_SLICE_SetPrescaler
                0x08003d30       0x3c ./Libraries/XMCLib/src/xmc_ccu4.o
                0x08003d30                XMC_CCU4_SLICE_SetPrescaler
 .text.XMC_CCU4_SLICE_SetInterruptNode
                0x08003d6c       0xb0 ./Libraries/XMCLib/src/xmc_ccu4.o
                0x08003d6c                XMC_CCU4_SLICE_SetInterruptNode
 .text.XMC_CCU4_SLICE_SetPassiveLevel
                0x08003e1c       0x34 ./Libraries/XMCLib/src/xmc_ccu4.o
                0x08003e1c                XMC_CCU4_SLICE_SetPassiveLevel
 .text          0x08003e50        0x0 ./Libraries/XMCLib/src/xmc_ccu8.o
 .text.XMC_CCU8_StartPrescaler
                0x08003e50       0x20 ./Libraries/XMCLib/src/xmc_ccu8.o
 .text.XMC_CCU8_SLICE_StopTimer
                0x08003e70       0x18 ./Libraries/XMCLib/src/xmc_ccu8.o
 .text.XMC_CCU8_SLICE_SetDitherCompareValue
                0x08003e88       0x1c ./Libraries/XMCLib/src/xmc_ccu8.o
 .text.XMC_CCU8_lAssertReset
                0x08003ea4       0x3c ./Libraries/XMCLib/src/xmc_ccu8.o
 .text.XMC_CCU8_lDeassertReset
                0x08003ee0       0x3c ./Libraries/XMCLib/src/xmc_ccu8.o
 .text.XMC_CCU8_EnableModule
                0x08003f1c       0x1c ./Libraries/XMCLib/src/xmc_ccu8.o
                0x08003f1c                XMC_CCU8_EnableModule
 .text.XMC_CCU8_DisableModule
                0x08003f38       0x18 ./Libraries/XMCLib/src/xmc_ccu8.o
                0x08003f38                XMC_CCU8_DisableModule
 .text.XMC_CCU8_Init
                0x08003f50       0x40 ./Libraries/XMCLib/src/xmc_ccu8.o
                0x08003f50                XMC_CCU8_Init
 .text.XMC_CCU8_SetModuleClock
                0x08003f90       0x34 ./Libraries/XMCLib/src/xmc_ccu8.o
                0x08003f90                XMC_CCU8_SetModuleClock
 .text.XMC_CCU8_SLICE_CompareInit
                0x08003fc4       0x74 ./Libraries/XMCLib/src/xmc_ccu8.o
                0x08003fc4                XMC_CCU8_SLICE_CompareInit
 .text.XMC_CCU8_SLICE_CaptureInit
                0x08004038       0x50 ./Libraries/XMCLib/src/xmc_ccu8.o
                0x08004038                XMC_CCU8_SLICE_CaptureInit
 .text.XMC_CCU8_SLICE_SetOutPath
                0x08004088       0x38 ./Libraries/XMCLib/src/xmc_ccu8.o
                0x08004088                XMC_CCU8_SLICE_SetOutPath
 .text.XMC_CCU8_SetMultiChannelShadowTransferMode
                0x080040c0       0x38 ./Libraries/XMCLib/src/xmc_ccu8.o
                0x080040c0                XMC_CCU8_SetMultiChannelShadowTransferMode
 .text.XMC_CCU8_SLICE_StartConfig
                0x080040f8       0x5c ./Libraries/XMCLib/src/xmc_ccu8.o
                0x080040f8                XMC_CCU8_SLICE_StartConfig
 .text.XMC_CCU8_SLICE_StopConfig
                0x08004154       0x58 ./Libraries/XMCLib/src/xmc_ccu8.o
                0x08004154                XMC_CCU8_SLICE_StopConfig
 .text.XMC_CCU8_SLICE_LoadConfig
                0x080041ac       0x34 ./Libraries/XMCLib/src/xmc_ccu8.o
                0x080041ac                XMC_CCU8_SLICE_LoadConfig
 .text.XMC_CCU8_SLICE_LoadSelector
                0x080041e0       0x34 ./Libraries/XMCLib/src/xmc_ccu8.o
                0x080041e0                XMC_CCU8_SLICE_LoadSelector
 .text.XMC_CCU8_SLICE_ModulationConfig
                0x08004214       0x90 ./Libraries/XMCLib/src/xmc_ccu8.o
                0x08004214                XMC_CCU8_SLICE_ModulationConfig
 .text.XMC_CCU8_SLICE_CountConfig
                0x080042a4       0x34 ./Libraries/XMCLib/src/xmc_ccu8.o
                0x080042a4                XMC_CCU8_SLICE_CountConfig
 .text.XMC_CCU8_SLICE_GateConfig
                0x080042d8       0x34 ./Libraries/XMCLib/src/xmc_ccu8.o
                0x080042d8                XMC_CCU8_SLICE_GateConfig
 .text.XMC_CCU8_SLICE_Capture0Config
                0x0800430c       0x34 ./Libraries/XMCLib/src/xmc_ccu8.o
                0x0800430c                XMC_CCU8_SLICE_Capture0Config
 .text.XMC_CCU8_SLICE_Capture1Config
                0x08004340       0x34 ./Libraries/XMCLib/src/xmc_ccu8.o
                0x08004340                XMC_CCU8_SLICE_Capture1Config
 .text.XMC_CCU8_SLICE_DirectionConfig
                0x08004374       0x34 ./Libraries/XMCLib/src/xmc_ccu8.o
                0x08004374                XMC_CCU8_SLICE_DirectionConfig
 .text.XMC_CCU8_SLICE_StatusBitOverrideConfig
                0x080043a8       0x30 ./Libraries/XMCLib/src/xmc_ccu8.o
                0x080043a8                XMC_CCU8_SLICE_StatusBitOverrideConfig
 .text.XMC_CCU8_SLICE_TrapConfig
                0x080043d8       0x74 ./Libraries/XMCLib/src/xmc_ccu8.o
                0x080043d8                XMC_CCU8_SLICE_TrapConfig
 .text.XMC_CCU8_SLICE_ConfigureStatusBitOverrideEvent
                0x0800444c       0xc4 ./Libraries/XMCLib/src/xmc_ccu8.o
                0x0800444c                XMC_CCU8_SLICE_ConfigureStatusBitOverrideEvent
 .text.XMC_CCU8_SLICE_ConfigureEvent
                0x08004510       0xd4 ./Libraries/XMCLib/src/xmc_ccu8.o
                0x08004510                XMC_CCU8_SLICE_ConfigureEvent
 .text.XMC_CCU8_SLICE_SetInput
                0x080045e4       0x50 ./Libraries/XMCLib/src/xmc_ccu8.o
                0x080045e4                XMC_CCU8_SLICE_SetInput
 .text.XMC_CCU8_SLICE_SetTimerRepeatMode
                0x08004634       0x3c ./Libraries/XMCLib/src/xmc_ccu8.o
                0x08004634                XMC_CCU8_SLICE_SetTimerRepeatMode
 .text.XMC_CCU8_SLICE_SetTimerCountingMode
                0x08004670       0x3c ./Libraries/XMCLib/src/xmc_ccu8.o
                0x08004670                XMC_CCU8_SLICE_SetTimerCountingMode
 .text.XMC_CCU8_SLICE_SetTimerPeriodMatch
                0x080046ac       0x1c ./Libraries/XMCLib/src/xmc_ccu8.o
                0x080046ac                XMC_CCU8_SLICE_SetTimerPeriodMatch
 .text.XMC_CCU8_SLICE_GetCaptureRegisterValue
                0x080046c8       0x24 ./Libraries/XMCLib/src/xmc_ccu8.o
                0x080046c8                XMC_CCU8_SLICE_GetCaptureRegisterValue
 .text.XMC_CCU8_SLICE_GetLastCapturedTimerValue
                0x080046ec       0x8c ./Libraries/XMCLib/src/xmc_ccu8.o
                0x080046ec                XMC_CCU8_SLICE_GetLastCapturedTimerValue
 .text.XMC_CCU8_GetCapturedValueFromFifo
                0x08004778       0x38 ./Libraries/XMCLib/src/xmc_ccu8.o
                0x08004778                XMC_CCU8_GetCapturedValueFromFifo
 .text.XMC_CCU8_SLICE_EnableDithering
                0x080047b0       0x5c ./Libraries/XMCLib/src/xmc_ccu8.o
                0x080047b0                XMC_CCU8_SLICE_EnableDithering
 .text.XMC_CCU8_SLICE_SetPrescaler
                0x0800480c       0x3c ./Libraries/XMCLib/src/xmc_ccu8.o
                0x0800480c                XMC_CCU8_SLICE_SetPrescaler
 .text.XMC_CCU8_SLICE_SetTimerCompareMatch
                0x08004848       0x30 ./Libraries/XMCLib/src/xmc_ccu8.o
                0x08004848                XMC_CCU8_SLICE_SetTimerCompareMatch
 .text.XMC_CCU8_SLICE_GetTimerCompareMatch
                0x08004878       0x2c ./Libraries/XMCLib/src/xmc_ccu8.o
                0x08004878                XMC_CCU8_SLICE_GetTimerCompareMatch
 .text.XMC_CCU8_SLICE_SetInterruptNode
                0x080048a4       0xb8 ./Libraries/XMCLib/src/xmc_ccu8.o
                0x080048a4                XMC_CCU8_SLICE_SetInterruptNode
 .text.XMC_CCU8_SLICE_SetPassiveLevel
                0x0800495c       0x40 ./Libraries/XMCLib/src/xmc_ccu8.o
                0x0800495c                XMC_CCU8_SLICE_SetPassiveLevel
 .text.XMC_CCU8_SLICE_DeadTimeInit
                0x0800499c       0x2c ./Libraries/XMCLib/src/xmc_ccu8.o
                0x0800499c                XMC_CCU8_SLICE_DeadTimeInit
 .text.XMC_CCU8_SLICE_ConfigureDeadTime
                0x080049c8       0x30 ./Libraries/XMCLib/src/xmc_ccu8.o
                0x080049c8                XMC_CCU8_SLICE_ConfigureDeadTime
 .text.XMC_CCU8_SLICE_SetDeadTimeValue
                0x080049f8       0x44 ./Libraries/XMCLib/src/xmc_ccu8.o
                0x080049f8                XMC_CCU8_SLICE_SetDeadTimeValue
 .text.XMC_CCU8_SLICE_SetDeadTimePrescaler
                0x08004a3c       0x30 ./Libraries/XMCLib/src/xmc_ccu8.o
                0x08004a3c                XMC_CCU8_SLICE_SetDeadTimePrescaler
 .text.XMC_CCU8_SLICE_ConfigureStatusBitOutput
                0x08004a6c       0x30 ./Libraries/XMCLib/src/xmc_ccu8.o
                0x08004a6c                XMC_CCU8_SLICE_ConfigureStatusBitOutput
 .text          0x08004a9c        0x0 ./Libraries/XMCLib/src/xmc_common.o
 .text.XMC_PRIOARRAY_GetHead
                0x08004a9c       0x28 ./Libraries/XMCLib/src/xmc_common.o
 .text.XMC_PRIOARRAY_GetItemPriority
                0x08004ac4       0x28 ./Libraries/XMCLib/src/xmc_common.o
 .text.XMC_PRIOARRAY_GetItemNext
                0x08004aec       0x28 ./Libraries/XMCLib/src/xmc_common.o
 .text.XMC_LIST_Init
                0x08004b14       0x18 ./Libraries/XMCLib/src/xmc_common.o
                0x08004b14                XMC_LIST_Init
 .text.XMC_LIST_GetHead
                0x08004b2c       0x18 ./Libraries/XMCLib/src/xmc_common.o
                0x08004b2c                XMC_LIST_GetHead
 .text.XMC_LIST_GetTail
                0x08004b44       0x38 ./Libraries/XMCLib/src/xmc_common.o
                0x08004b44                XMC_LIST_GetTail
 .text.XMC_LIST_Add
                0x08004b7c       0x34 ./Libraries/XMCLib/src/xmc_common.o
                0x08004b7c                XMC_LIST_Add
 .text.XMC_LIST_Remove
                0x08004bb0       0x64 ./Libraries/XMCLib/src/xmc_common.o
                0x08004bb0                XMC_LIST_Remove
 .text.XMC_LIST_Insert
                0x08004c14       0x3c ./Libraries/XMCLib/src/xmc_common.o
                0x08004c14                XMC_LIST_Insert
 .text.XMC_PRIOARRAY_Init
                0x08004c50       0xac ./Libraries/XMCLib/src/xmc_common.o
                0x08004c50                XMC_PRIOARRAY_Init
 .text.XMC_PRIOARRAY_Add
                0x08004cfc       0xb0 ./Libraries/XMCLib/src/xmc_common.o
                0x08004cfc                XMC_PRIOARRAY_Add
 .text.XMC_PRIOARRAY_Remove
                0x08004dac       0x64 ./Libraries/XMCLib/src/xmc_common.o
                0x08004dac                XMC_PRIOARRAY_Remove
 .text          0x08004e10        0x0 ./Libraries/XMCLib/src/xmc_dac.o
 .text.XMC_DAC_CH_EnableOutput
                0x08004e10       0x30 ./Libraries/XMCLib/src/xmc_dac.o
 .text.XMC_DAC_CH_EnablePatternSignOutput
                0x08004e40       0x30 ./Libraries/XMCLib/src/xmc_dac.o
 .text.XMC_DAC_CH_DisablePatternSignOutput
                0x08004e70       0x30 ./Libraries/XMCLib/src/xmc_dac.o
 .text.XMC_DAC_CH_SetRampStart
                0x08004ea0       0x28 ./Libraries/XMCLib/src/xmc_dac.o
 .text.XMC_DAC_CH_SetRampStop
                0x08004ec8       0x40 ./Libraries/XMCLib/src/xmc_dac.o
 .text.XMC_DAC_CH_SetTrigger
                0x08004f08       0x34 ./Libraries/XMCLib/src/xmc_dac.o
 .text.XMC_DAC_CH_SetMode
                0x08004f3c       0x34 ./Libraries/XMCLib/src/xmc_dac.o
 .text.XMC_DAC_Enable
                0x08004f70       0x1c ./Libraries/XMCLib/src/xmc_dac.o
                0x08004f70                XMC_DAC_Enable
 .text.XMC_DAC_Disable
                0x08004f8c       0x1c ./Libraries/XMCLib/src/xmc_dac.o
                0x08004f8c                XMC_DAC_Disable
 .text.XMC_DAC_IsEnabled
                0x08004fa8       0x30 ./Libraries/XMCLib/src/xmc_dac.o
                0x08004fa8                XMC_DAC_IsEnabled
 .text.XMC_DAC_CH_Init
                0x08004fd8       0x48 ./Libraries/XMCLib/src/xmc_dac.o
                0x08004fd8                XMC_DAC_CH_Init
 .text.XMC_DAC_CH_SetFrequency
                0x08005020       0x60 ./Libraries/XMCLib/src/xmc_dac.o
                0x08005020                XMC_DAC_CH_SetFrequency
 .text.XMC_DAC_CH_SetRampFrequency
                0x08005080       0x50 ./Libraries/XMCLib/src/xmc_dac.o
                0x08005080                XMC_DAC_CH_SetRampFrequency
 .text.XMC_DAC_CH_StartSingleValueMode
                0x080050d0       0x24 ./Libraries/XMCLib/src/xmc_dac.o
                0x080050d0                XMC_DAC_CH_StartSingleValueMode
 .text.XMC_DAC_CH_StartDataMode
                0x080050f4       0x60 ./Libraries/XMCLib/src/xmc_dac.o
                0x080050f4                XMC_DAC_CH_StartDataMode
 .text.XMC_DAC_CH_StartRampMode
                0x08005154       0x84 ./Libraries/XMCLib/src/xmc_dac.o
                0x08005154                XMC_DAC_CH_StartRampMode
 .text.XMC_DAC_CH_StartPatternMode
                0x080051d8       0x90 ./Libraries/XMCLib/src/xmc_dac.o
                0x080051d8                XMC_DAC_CH_StartPatternMode
 .text.XMC_DAC_CH_StartNoiseMode
                0x08005268       0x60 ./Libraries/XMCLib/src/xmc_dac.o
                0x08005268                XMC_DAC_CH_StartNoiseMode
 .text.XMC_DAC_CH_SetPattern
                0x080052c8       0xa0 ./Libraries/XMCLib/src/xmc_dac.o
                0x080052c8                XMC_DAC_CH_SetPattern
 .text          0x08005368        0x0 ./Libraries/XMCLib/src/xmc_dma.o
 .text.XMC_DMA_GetEventStatus
                0x08005368       0x18 ./Libraries/XMCLib/src/xmc_dma.o
 .text.XMC_DMA_GetChannelsTransferCompleteStatus
                0x08005380       0x18 ./Libraries/XMCLib/src/xmc_dma.o
 .text.XMC_DMA_GetChannelsBlockCompleteStatus
                0x08005398       0x18 ./Libraries/XMCLib/src/xmc_dma.o
 .text.XMC_DMA_GetChannelsSourceTransactionCompleteStatus
                0x080053b0       0x18 ./Libraries/XMCLib/src/xmc_dma.o
 .text.XMC_DMA_GetChannelsDestinationTransactionCompleteStatus
                0x080053c8       0x18 ./Libraries/XMCLib/src/xmc_dma.o
 .text.XMC_DMA_GetChannelsErrorStatus
                0x080053e0       0x18 ./Libraries/XMCLib/src/xmc_dma.o
 .text.XMC_DMA_Init
                0x080053f8       0x18 ./Libraries/XMCLib/src/xmc_dma.o
                0x080053f8                XMC_DMA_Init
 .text.XMC_DMA_Enable
                0x08005410       0x3c ./Libraries/XMCLib/src/xmc_dma.o
                0x08005410                XMC_DMA_Enable
 .text.XMC_DMA_Disable
                0x0800544c       0x3c ./Libraries/XMCLib/src/xmc_dma.o
                0x0800544c                XMC_DMA_Disable
 .text.XMC_DMA_IsEnabled
                0x08005488       0x94 ./Libraries/XMCLib/src/xmc_dma.o
                0x08005488                XMC_DMA_IsEnabled
 .text.XMC_DMA_EnableRequestLine
                0x0800551c       0x9c ./Libraries/XMCLib/src/xmc_dma.o
                0x0800551c                XMC_DMA_EnableRequestLine
 .text.XMC_DMA_DisableRequestLine
                0x080055b8       0x54 ./Libraries/XMCLib/src/xmc_dma.o
                0x080055b8                XMC_DMA_DisableRequestLine
 .text.XMC_DMA_ClearRequestLine
                0x0800560c       0x78 ./Libraries/XMCLib/src/xmc_dma.o
                0x0800560c                XMC_DMA_ClearRequestLine
 .text.XMC_DMA_GetOverrunStatus
                0x08005684       0x5c ./Libraries/XMCLib/src/xmc_dma.o
                0x08005684                XMC_DMA_GetOverrunStatus
 .text.XMC_DMA_ClearOverrunStatus
                0x080056e0       0x44 ./Libraries/XMCLib/src/xmc_dma.o
                0x080056e0                XMC_DMA_ClearOverrunStatus
 .text.XMC_DMA_CH_Disable
                0x08005724       0x3c ./Libraries/XMCLib/src/xmc_dma.o
                0x08005724                XMC_DMA_CH_Disable
 .text.XMC_DMA_CH_IsEnabled
                0x08005760       0x30 ./Libraries/XMCLib/src/xmc_dma.o
                0x08005760                XMC_DMA_CH_IsEnabled
 .text.XMC_DMA_CH_Init
                0x08005790      0x408 ./Libraries/XMCLib/src/xmc_dma.o
                0x08005790                XMC_DMA_CH_Init
 .text.XMC_DMA_CH_Suspend
                0x08005b98       0x3c ./Libraries/XMCLib/src/xmc_dma.o
                0x08005b98                XMC_DMA_CH_Suspend
 .text.XMC_DMA_CH_Resume
                0x08005bd4       0x3c ./Libraries/XMCLib/src/xmc_dma.o
                0x08005bd4                XMC_DMA_CH_Resume
 .text.XMC_DMA_CH_IsSuspended
                0x08005c10       0x34 ./Libraries/XMCLib/src/xmc_dma.o
                0x08005c10                XMC_DMA_CH_IsSuspended
 .text.XMC_DMA_CH_EnableEvent
                0x08005c44       0x50 ./Libraries/XMCLib/src/xmc_dma.o
                0x08005c44                XMC_DMA_CH_EnableEvent
 .text.XMC_DMA_CH_DisableEvent
                0x08005c94       0x50 ./Libraries/XMCLib/src/xmc_dma.o
                0x08005c94                XMC_DMA_CH_DisableEvent
 .text.XMC_DMA_CH_ClearEventStatus
                0x08005ce4       0x4c ./Libraries/XMCLib/src/xmc_dma.o
                0x08005ce4                XMC_DMA_CH_ClearEventStatus
 .text.XMC_DMA_CH_GetEventStatus
                0x08005d30       0x5c ./Libraries/XMCLib/src/xmc_dma.o
                0x08005d30                XMC_DMA_CH_GetEventStatus
 .text.XMC_DMA_CH_EnableSourceGather
                0x08005d8c       0x5c ./Libraries/XMCLib/src/xmc_dma.o
                0x08005d8c                XMC_DMA_CH_EnableSourceGather
 .text.XMC_DMA_CH_DisableSourceGather
                0x08005de8       0x3c ./Libraries/XMCLib/src/xmc_dma.o
                0x08005de8                XMC_DMA_CH_DisableSourceGather
 .text.XMC_DMA_CH_EnableDestinationScatter
                0x08005e24       0x5c ./Libraries/XMCLib/src/xmc_dma.o
                0x08005e24                XMC_DMA_CH_EnableDestinationScatter
 .text.XMC_DMA_CH_DisableDestinationScatter
                0x08005e80       0x3c ./Libraries/XMCLib/src/xmc_dma.o
                0x08005e80                XMC_DMA_CH_DisableDestinationScatter
 .text.XMC_DMA_CH_TriggerSourceRequest
                0x08005ebc       0x5c ./Libraries/XMCLib/src/xmc_dma.o
                0x08005ebc                XMC_DMA_CH_TriggerSourceRequest
 .text.XMC_DMA_CH_TriggerDestinationRequest
                0x08005f18       0x5c ./Libraries/XMCLib/src/xmc_dma.o
                0x08005f18                XMC_DMA_CH_TriggerDestinationRequest
 .text.XMC_DMA_CH_EnableSourceAddressReload
                0x08005f74       0x3c ./Libraries/XMCLib/src/xmc_dma.o
                0x08005f74                XMC_DMA_CH_EnableSourceAddressReload
 .text.XMC_DMA_CH_DisableSourceAddressReload
                0x08005fb0       0x3c ./Libraries/XMCLib/src/xmc_dma.o
                0x08005fb0                XMC_DMA_CH_DisableSourceAddressReload
 .text.XMC_DMA_CH_EnableDestinationAddressReload
                0x08005fec       0x3c ./Libraries/XMCLib/src/xmc_dma.o
                0x08005fec                XMC_DMA_CH_EnableDestinationAddressReload
 .text.XMC_DMA_CH_DisableDestinationAddressReload
                0x08006028       0x3c ./Libraries/XMCLib/src/xmc_dma.o
                0x08006028                XMC_DMA_CH_DisableDestinationAddressReload
 .text.XMC_DMA_CH_RequestLastMultiblockTransfer
                0x08006064       0x3c ./Libraries/XMCLib/src/xmc_dma.o
                0x08006064                XMC_DMA_CH_RequestLastMultiblockTransfer
 .text.XMC_DMA_CH_SetEventHandler
                0x080060a0       0x44 ./Libraries/XMCLib/src/xmc_dma.o
                0x080060a0                XMC_DMA_CH_SetEventHandler
 .text.XMC_DMA_CH_ClearSourcePeripheralRequest
                0x080060e4       0x38 ./Libraries/XMCLib/src/xmc_dma.o
                0x080060e4                XMC_DMA_CH_ClearSourcePeripheralRequest
 .text.XMC_DMA_CH_ClearDestinationPeripheralRequest
                0x0800611c       0x38 ./Libraries/XMCLib/src/xmc_dma.o
                0x0800611c                XMC_DMA_CH_ClearDestinationPeripheralRequest
 .text.XMC_DMA_IRQHandler
                0x08006154      0x228 ./Libraries/XMCLib/src/xmc_dma.o
                0x08006154                XMC_DMA_IRQHandler
 .text          0x0800637c        0x0 ./Libraries/XMCLib/src/xmc_dsd.o
 .text.XMC_DSD_Enable
                0x0800637c       0x18 ./Libraries/XMCLib/src/xmc_dsd.o
                0x0800637c                XMC_DSD_Enable
 .text.XMC_DSD_Disable
                0x08006394       0x18 ./Libraries/XMCLib/src/xmc_dsd.o
                0x08006394                XMC_DSD_Disable
 .text.XMC_DSD_EnableClock
                0x080063ac       0x30 ./Libraries/XMCLib/src/xmc_dsd.o
                0x080063ac                XMC_DSD_EnableClock
 .text.XMC_DSD_DisableClock
                0x080063dc       0x30 ./Libraries/XMCLib/src/xmc_dsd.o
                0x080063dc                XMC_DSD_DisableClock
 .text.XMC_DSD_Init
                0x0800640c       0x1c ./Libraries/XMCLib/src/xmc_dsd.o
                0x0800640c                XMC_DSD_Init
 .text.XMC_DSD_IsEnabled
                0x08006428       0x30 ./Libraries/XMCLib/src/xmc_dsd.o
                0x08006428                XMC_DSD_IsEnabled
 .text.XMC_DSD_Generator_Init
                0x08006458       0x30 ./Libraries/XMCLib/src/xmc_dsd.o
                0x08006458                XMC_DSD_Generator_Init
 .text.XMC_DSD_CH_Init
                0x08006488       0x84 ./Libraries/XMCLib/src/xmc_dsd.o
                0x08006488                XMC_DSD_CH_Init
 .text.XMC_DSD_CH_MainFilter_Init
                0x0800650c       0x6c ./Libraries/XMCLib/src/xmc_dsd.o
                0x0800650c                XMC_DSD_CH_MainFilter_Init
 .text.XMC_DSD_CH_Timestamp_Init
                0x08006578       0x38 ./Libraries/XMCLib/src/xmc_dsd.o
                0x08006578                XMC_DSD_CH_Timestamp_Init
 .text.XMC_DSD_CH_AuxFilter_Init
                0x080065b0       0x30 ./Libraries/XMCLib/src/xmc_dsd.o
                0x080065b0                XMC_DSD_CH_AuxFilter_Init
 .text.XMC_DSD_CH_Integrator_Init
                0x080065e0       0x60 ./Libraries/XMCLib/src/xmc_dsd.o
                0x080065e0                XMC_DSD_CH_Integrator_Init
 .text.XMC_DSD_CH_Rectify_Init
                0x08006640       0x40 ./Libraries/XMCLib/src/xmc_dsd.o
                0x08006640                XMC_DSD_CH_Rectify_Init
 .text.XMC_DSD_CH_GetResult_TS
                0x08006680       0x44 ./Libraries/XMCLib/src/xmc_dsd.o
                0x08006680                XMC_DSD_CH_GetResult_TS
 .text.XMC_DSD_CH_GetResult_TS_Time
                0x080066c4       0x84 ./Libraries/XMCLib/src/xmc_dsd.o
                0x080066c4                XMC_DSD_CH_GetResult_TS_Time
 .text          0x08006748        0x0 ./Libraries/XMCLib/src/xmc_ebu.o
 .text.XMC_EBU_Enable
                0x08006748       0x28 ./Libraries/XMCLib/src/xmc_ebu.o
 .text.XMC_EBU_Init
                0x08006770       0x34 ./Libraries/XMCLib/src/xmc_ebu.o
                0x08006770                XMC_EBU_Init
 .text.XMC_EBU_ConfigureSdram
                0x080067a4       0x2c ./Libraries/XMCLib/src/xmc_ebu.o
                0x080067a4                XMC_EBU_ConfigureSdram
 .text.XMC_EBU_ConfigureRegion
                0x080067d0       0x60 ./Libraries/XMCLib/src/xmc_ebu.o
                0x080067d0                XMC_EBU_ConfigureRegion
 .text          0x08006830        0x0 ./Libraries/XMCLib/src/xmc_ecat.o
 .text          0x08006830        0x0 ./Libraries/XMCLib/src/xmc_eru.o
 .text.XMC_ERU_ETL_Init
                0x08006830       0x50 ./Libraries/XMCLib/src/xmc_eru.o
                0x08006830                XMC_ERU_ETL_Init
 .text.XMC_ERU_OGU_Init
                0x08006880       0x2c ./Libraries/XMCLib/src/xmc_eru.o
                0x08006880                XMC_ERU_OGU_Init
 .text.XMC_ERU_ETL_SetInput
                0x080068ac       0x4c ./Libraries/XMCLib/src/xmc_eru.o
                0x080068ac                XMC_ERU_ETL_SetInput
 .text.XMC_ERU_ETL_SetSource
                0x080068f8       0x34 ./Libraries/XMCLib/src/xmc_eru.o
                0x080068f8                XMC_ERU_ETL_SetSource
 .text.XMC_ERU_ETL_SetEdgeDetection
                0x0800692c       0x34 ./Libraries/XMCLib/src/xmc_eru.o
                0x0800692c                XMC_ERU_ETL_SetEdgeDetection
 .text.XMC_ERU_ETL_GetEdgeDetection
                0x08006960       0x28 ./Libraries/XMCLib/src/xmc_eru.o
                0x08006960                XMC_ERU_ETL_GetEdgeDetection
 .text.XMC_ERU_ETL_SetStatusFlagMode
                0x08006988       0x34 ./Libraries/XMCLib/src/xmc_eru.o
                0x08006988                XMC_ERU_ETL_SetStatusFlagMode
 .text.XMC_ERU_ETL_EnableOutputTrigger
                0x080069bc       0x48 ./Libraries/XMCLib/src/xmc_eru.o
                0x080069bc                XMC_ERU_ETL_EnableOutputTrigger
 .text.XMC_ERU_ETL_DisableOutputTrigger
                0x08006a04       0x28 ./Libraries/XMCLib/src/xmc_eru.o
                0x08006a04                XMC_ERU_ETL_DisableOutputTrigger
 .text.XMC_ERU_OGU_EnablePatternDetection
                0x08006a2c       0x4c ./Libraries/XMCLib/src/xmc_eru.o
                0x08006a2c                XMC_ERU_OGU_EnablePatternDetection
 .text.XMC_ERU_OGU_DisablePatternDetection
                0x08006a78       0x2c ./Libraries/XMCLib/src/xmc_eru.o
                0x08006a78                XMC_ERU_OGU_DisablePatternDetection
 .text.XMC_ERU_OGU_EnablePeripheralTrigger
                0x08006aa4       0x38 ./Libraries/XMCLib/src/xmc_eru.o
                0x08006aa4                XMC_ERU_OGU_EnablePeripheralTrigger
 .text.XMC_ERU_OGU_DisablePeripheralTrigger
                0x08006adc       0x2c ./Libraries/XMCLib/src/xmc_eru.o
                0x08006adc                XMC_ERU_OGU_DisablePeripheralTrigger
 .text.XMC_ERU_OGU_SetServiceRequestMode
                0x08006b08       0x38 ./Libraries/XMCLib/src/xmc_eru.o
                0x08006b08                XMC_ERU_OGU_SetServiceRequestMode
 .text          0x08006b40        0x0 ./Libraries/XMCLib/src/xmc_eth_mac.o
 .text.XMC_ETH_MAC_Reset
                0x08006b40       0x40 ./Libraries/XMCLib/src/xmc_eth_mac.o
 .text.XMC_ETH_MAC_SetAddress
                0x08006b80       0x30 ./Libraries/XMCLib/src/xmc_eth_mac.o
 .text.XMC_SCU_CLOCK_GetSystemClockFrequency
                0x08006bb0       0x24 ./Libraries/XMCLib/src/xmc_eth_mac.o
 .text.XMC_SCU_CLOCK_GetEthernetClockFrequency
                0x08006bd4       0x10 ./Libraries/XMCLib/src/xmc_eth_mac.o
 .text.XCM_ETH_MAC_IsNormalEvent
                0x08006be4       0x24 ./Libraries/XMCLib/src/xmc_eth_mac.o
 .text.XCM_ETH_MAC_IsAbnormalEvent
                0x08006c08       0x24 ./Libraries/XMCLib/src/xmc_eth_mac.o
 .text.XMC_ETH_MAC_Init
                0x08006c2c       0xac ./Libraries/XMCLib/src/xmc_eth_mac.o
                0x08006c2c                XMC_ETH_MAC_Init
 .text.XMC_ETH_MAC_InitRxDescriptors
                0x08006cd8       0xb0 ./Libraries/XMCLib/src/xmc_eth_mac.o
                0x08006cd8                XMC_ETH_MAC_InitRxDescriptors
 .text.XMC_ETH_MAC_InitTxDescriptors
                0x08006d88       0xa0 ./Libraries/XMCLib/src/xmc_eth_mac.o
                0x08006d88                XMC_ETH_MAC_InitTxDescriptors
 .text.XMC_ETH_MAC_SetAddressPerfectFilter
                0x08006e28       0x48 ./Libraries/XMCLib/src/xmc_eth_mac.o
                0x08006e28                XMC_ETH_MAC_SetAddressPerfectFilter
 .text.XMC_ETH_MAC_SetAddressHashFilter
                0x08006e70       0x30 ./Libraries/XMCLib/src/xmc_eth_mac.o
                0x08006e70                XMC_ETH_MAC_SetAddressHashFilter
 .text.XMC_ETH_MAC_SendFrame
                0x08006ea0      0x188 ./Libraries/XMCLib/src/xmc_eth_mac.o
                0x08006ea0                XMC_ETH_MAC_SendFrame
 .text.XMC_ETH_MAC_ReadFrame
                0x08007028       0xa0 ./Libraries/XMCLib/src/xmc_eth_mac.o
                0x08007028                XMC_ETH_MAC_ReadFrame
 .text.XMC_ETH_MAC_GetRxFrameSize
                0x080070c8       0x68 ./Libraries/XMCLib/src/xmc_eth_mac.o
                0x080070c8                XMC_ETH_MAC_GetRxFrameSize
 .text.XMC_ETH_MAC_SetManagmentClockDivider
                0x08007130       0xa0 ./Libraries/XMCLib/src/xmc_eth_mac.o
                0x08007130                XMC_ETH_MAC_SetManagmentClockDivider
 .text.XMC_ETH_MAC_Enable
                0x080071d0       0x20 ./Libraries/XMCLib/src/xmc_eth_mac.o
                0x080071d0                XMC_ETH_MAC_Enable
 .text.XMC_ETH_MAC_Disable
                0x080071f0       0x20 ./Libraries/XMCLib/src/xmc_eth_mac.o
                0x080071f0                XMC_ETH_MAC_Disable
 .text.XMC_ETH_MAC_ReadPhy
                0x08007210       0x70 ./Libraries/XMCLib/src/xmc_eth_mac.o
                0x08007210                XMC_ETH_MAC_ReadPhy
 .text.XMC_ETH_MAC_WritePhy
                0x08007280       0x74 ./Libraries/XMCLib/src/xmc_eth_mac.o
                0x08007280                XMC_ETH_MAC_WritePhy
 .text.XMC_ETH_MAC_FlushTx
                0x080072f4       0x50 ./Libraries/XMCLib/src/xmc_eth_mac.o
                0x080072f4                XMC_ETH_MAC_FlushTx
 .text.XMC_ETH_MAC_FlushRx
                0x08007344       0x50 ./Libraries/XMCLib/src/xmc_eth_mac.o
                0x08007344                XMC_ETH_MAC_FlushRx
 .text.XMC_ETH_MAC_SetWakeUpFrameFilter
                0x08007394       0x38 ./Libraries/XMCLib/src/xmc_eth_mac.o
                0x08007394                XMC_ETH_MAC_SetWakeUpFrameFilter
 .text.XMC_ETH_MAC_EnableEvent
                0x080073cc       0x74 ./Libraries/XMCLib/src/xmc_eth_mac.o
                0x080073cc                XMC_ETH_MAC_EnableEvent
 .text.XMC_ETH_MAC_DisableEvent
                0x08007440       0x4c ./Libraries/XMCLib/src/xmc_eth_mac.o
                0x08007440                XMC_ETH_MAC_DisableEvent
 .text.XMC_ETH_MAC_ClearEventStatus
                0x0800748c       0x5c ./Libraries/XMCLib/src/xmc_eth_mac.o
                0x0800748c                XMC_ETH_MAC_ClearEventStatus
 .text.XMC_ETH_MAC_GetEventStatus
                0x080074e8       0x38 ./Libraries/XMCLib/src/xmc_eth_mac.o
                0x080074e8                XMC_ETH_MAC_GetEventStatus
 .text.XMC_ETH_MAC_ReturnRxDescriptor
                0x08007520       0x60 ./Libraries/XMCLib/src/xmc_eth_mac.o
                0x08007520                XMC_ETH_MAC_ReturnRxDescriptor
 .text.XMC_ETH_MAC_ReturnTxDescriptor
                0x08007580       0x74 ./Libraries/XMCLib/src/xmc_eth_mac.o
                0x08007580                XMC_ETH_MAC_ReturnTxDescriptor
 .text.XMC_ETH_MAC_SetVLANTag
                0x080075f4       0x20 ./Libraries/XMCLib/src/xmc_eth_mac.o
                0x080075f4                XMC_ETH_MAC_SetVLANTag
 .text.XMC_ETH_MAC_InitPTP
                0x08007614       0xdc ./Libraries/XMCLib/src/xmc_eth_mac.o
                0x08007614                XMC_ETH_MAC_InitPTP
 .text.XMC_ETH_MAC_GetPTPTime
                0x080076f0       0x4c ./Libraries/XMCLib/src/xmc_eth_mac.o
                0x080076f0                XMC_ETH_MAC_GetPTPTime
 .text.XMC_ETH_MAC_UpdatePTPTime
                0x0800773c       0x78 ./Libraries/XMCLib/src/xmc_eth_mac.o
                0x0800773c                XMC_ETH_MAC_UpdatePTPTime
 .text.XMC_ETH_MAC_SetPTPAlarm
                0x080077b4       0x48 ./Libraries/XMCLib/src/xmc_eth_mac.o
                0x080077b4                XMC_ETH_MAC_SetPTPAlarm
 .text.XMC_ETH_MAC_AdjustPTPClock
                0x080077fc       0x60 ./Libraries/XMCLib/src/xmc_eth_mac.o
                0x080077fc                XMC_ETH_MAC_AdjustPTPClock
 .text.XMC_ETH_MAC_GetPTPStatus
                0x0800785c       0x1c ./Libraries/XMCLib/src/xmc_eth_mac.o
                0x0800785c                XMC_ETH_MAC_GetPTPStatus
 .text.XMC_ETH_MAC_GetRxTimeStamp
                0x08007878       0x4c ./Libraries/XMCLib/src/xmc_eth_mac.o
                0x08007878                XMC_ETH_MAC_GetRxTimeStamp
 .text.XMC_ETH_MAC_GetTxTimeStamp
                0x080078c4       0x4c ./Libraries/XMCLib/src/xmc_eth_mac.o
                0x080078c4                XMC_ETH_MAC_GetTxTimeStamp
 .text          0x08007910        0x0 ./Libraries/XMCLib/src/xmc_fce.o
 .text.XMC_FCE_Init
                0x08007910       0x28 ./Libraries/XMCLib/src/xmc_fce.o
                0x08007910                XMC_FCE_Init
 .text.XMC_FCE_Disable
                0x08007938       0x24 ./Libraries/XMCLib/src/xmc_fce.o
                0x08007938                XMC_FCE_Disable
 .text.XMC_FCE_Enable
                0x0800795c       0x24 ./Libraries/XMCLib/src/xmc_fce.o
                0x0800795c                XMC_FCE_Enable
 .text.XMC_FCE_CalculateCRC8
                0x08007980       0x54 ./Libraries/XMCLib/src/xmc_fce.o
                0x08007980                XMC_FCE_CalculateCRC8
 .text.XMC_FCE_CalculateCRC16
                0x080079d4       0x60 ./Libraries/XMCLib/src/xmc_fce.o
                0x080079d4                XMC_FCE_CalculateCRC16
 .text.XMC_FCE_CalculateCRC32
                0x08007a34       0x60 ./Libraries/XMCLib/src/xmc_fce.o
                0x08007a34                XMC_FCE_CalculateCRC32
 .text.XMC_FCE_TriggerMismatch
                0x08007a94       0x4c ./Libraries/XMCLib/src/xmc_fce.o
                0x08007a94                XMC_FCE_TriggerMismatch
 .text.XMC_FCE_LittleEndian16bit
                0x08007ae0       0xa0 ./Libraries/XMCLib/src/xmc_fce.o
                0x08007ae0                XMC_FCE_LittleEndian16bit
 .text.XMC_FCE_LittleEndian32bit
                0x08007b80       0xb4 ./Libraries/XMCLib/src/xmc_fce.o
                0x08007b80                XMC_FCE_LittleEndian32bit
 .text          0x08007c34        0x0 ./Libraries/XMCLib/src/xmc_gpio.o
 .text.XMC_GPIO_SetMode
                0x08007c34       0x80 ./Libraries/XMCLib/src/xmc_gpio.o
                0x08007c34                XMC_GPIO_SetMode
 .text.XMC_GPIO_SetHardwareControl
                0x08007cb4       0x44 ./Libraries/XMCLib/src/xmc_gpio.o
                0x08007cb4                XMC_GPIO_SetHardwareControl
 .text          0x08007cf8        0x0 ./Libraries/XMCLib/src/xmc_hrpwm.o
 .text          0x08007cf8        0x0 ./Libraries/XMCLib/src/xmc_i2c.o
 .text.XMC_USIC_CH_GetTransmitBufferStatus
                0x08007cf8       0x20 ./Libraries/XMCLib/src/xmc_i2c.o
 .text.XMC_USIC_CH_SetMode
                0x08007d18       0x28 ./Libraries/XMCLib/src/xmc_i2c.o
 .text.XMC_I2C_CH_ClearStatusFlag
                0x08007d40       0x20 ./Libraries/XMCLib/src/xmc_i2c.o
 .text.XMC_I2C_CH_Init
                0x08007d60       0x50 ./Libraries/XMCLib/src/xmc_i2c.o
                0x08007d60                XMC_I2C_CH_Init
 .text.XMC_I2C_CH_SetSlaveAddress
                0x08007db0       0x40 ./Libraries/XMCLib/src/xmc_i2c.o
                0x08007db0                XMC_I2C_CH_SetSlaveAddress
 .text.XMC_I2C_CH_GetSlaveAddress
                0x08007df0       0x40 ./Libraries/XMCLib/src/xmc_i2c.o
                0x08007df0                XMC_I2C_CH_GetSlaveAddress
 .text.XMC_I2C_CH_SetBaudrate
                0x08007e30       0x78 ./Libraries/XMCLib/src/xmc_i2c.o
                0x08007e30                XMC_I2C_CH_SetBaudrate
 .text.XMC_I2C_CH_MasterStart
                0x08007ea8       0x68 ./Libraries/XMCLib/src/xmc_i2c.o
                0x08007ea8                XMC_I2C_CH_MasterStart
 .text.XMC_I2C_CH_MasterRepeatedStart
                0x08007f10       0x68 ./Libraries/XMCLib/src/xmc_i2c.o
                0x08007f10                XMC_I2C_CH_MasterRepeatedStart
 .text.XMC_I2C_CH_MasterStop
                0x08007f78       0x4c ./Libraries/XMCLib/src/xmc_i2c.o
                0x08007f78                XMC_I2C_CH_MasterStop
 .text.XMC_I2C_CH_MasterTransmit
                0x08007fc4       0x4c ./Libraries/XMCLib/src/xmc_i2c.o
                0x08007fc4                XMC_I2C_CH_MasterTransmit
 .text.XMC_I2C_CH_SlaveTransmit
                0x08008010       0x54 ./Libraries/XMCLib/src/xmc_i2c.o
                0x08008010                XMC_I2C_CH_SlaveTransmit
 .text.XMC_I2C_CH_MasterReceiveAck
                0x08008064       0x4c ./Libraries/XMCLib/src/xmc_i2c.o
                0x08008064                XMC_I2C_CH_MasterReceiveAck
 .text.XMC_I2C_CH_MasterReceiveNack
                0x080080b0       0x4c ./Libraries/XMCLib/src/xmc_i2c.o
                0x080080b0                XMC_I2C_CH_MasterReceiveNack
 .text.XMC_I2C_CH_GetReceivedData
                0x080080fc       0x34 ./Libraries/XMCLib/src/xmc_i2c.o
                0x080080fc                XMC_I2C_CH_GetReceivedData
 .text.XMC_I2C_CH_Stop
                0x08008130       0x34 ./Libraries/XMCLib/src/xmc_i2c.o
                0x08008130                XMC_I2C_CH_Stop
 .text.XMC_I2C_CH_EnableEvent
                0x08008164       0x38 ./Libraries/XMCLib/src/xmc_i2c.o
                0x08008164                XMC_I2C_CH_EnableEvent
 .text.XMC_I2C_CH_DisableEvent
                0x0800819c       0x3c ./Libraries/XMCLib/src/xmc_i2c.o
                0x0800819c                XMC_I2C_CH_DisableEvent
 .text          0x080081d8        0x0 ./Libraries/XMCLib/src/xmc_i2s.o
 .text.XMC_USIC_CH_GetTransmitBufferStatus
                0x080081d8       0x20 ./Libraries/XMCLib/src/xmc_i2s.o
 .text.XMC_USIC_CH_SetMode
                0x080081f8       0x28 ./Libraries/XMCLib/src/xmc_i2s.o
 .text.XMC_I2S_CH_ClearStatusFlag
                0x08008220       0x20 ./Libraries/XMCLib/src/xmc_i2s.o
 .text.XMC_I2S_CH_Init
                0x08008240       0xa0 ./Libraries/XMCLib/src/xmc_i2s.o
                0x08008240                XMC_I2S_CH_Init
 .text.XMC_I2S_CH_SetBaudrate
                0x080082e0       0x4c ./Libraries/XMCLib/src/xmc_i2s.o
                0x080082e0                XMC_I2S_CH_SetBaudrate
 .text.XMC_I2S_CH_SetSystemWordLength
                0x0800832c       0xb4 ./Libraries/XMCLib/src/xmc_i2s.o
                0x0800832c                XMC_I2S_CH_SetSystemWordLength
 .text.XMC_I2S_CH_Transmit
                0x080083e0       0x5c ./Libraries/XMCLib/src/xmc_i2s.o
                0x080083e0                XMC_I2S_CH_Transmit
 .text.XMC_I2S_CH_GetReceivedData
                0x0800843c       0x34 ./Libraries/XMCLib/src/xmc_i2s.o
                0x0800843c                XMC_I2S_CH_GetReceivedData
 .text.XMC_I2S_CH_Stop
                0x08008470       0x34 ./Libraries/XMCLib/src/xmc_i2s.o
                0x08008470                XMC_I2S_CH_Stop
 .text.XMC_I2S_CH_EnableEvent
                0x080084a4       0x38 ./Libraries/XMCLib/src/xmc_i2s.o
                0x080084a4                XMC_I2S_CH_EnableEvent
 .text.XMC_I2S_CH_DisableEvent
                0x080084dc       0x3c ./Libraries/XMCLib/src/xmc_i2s.o
                0x080084dc                XMC_I2S_CH_DisableEvent
 .text          0x08008518        0x0 ./Libraries/XMCLib/src/xmc_ledts.o
 .text.XMC_LEDTS_InitGlobal
                0x08008518       0x44 ./Libraries/XMCLib/src/xmc_ledts.o
                0x08008518                XMC_LEDTS_InitGlobal
 .text.XMC_LEDTS_InitLED
                0x0800855c       0x4c ./Libraries/XMCLib/src/xmc_ledts.o
                0x0800855c                XMC_LEDTS_InitLED
 .text.XMC_LEDTS_InitTSBasic
                0x080085a8       0x54 ./Libraries/XMCLib/src/xmc_ledts.o
                0x080085a8                XMC_LEDTS_InitTSBasic
 .text.XMC_LEDTS_InitTSAdvanced
                0x080085fc       0x68 ./Libraries/XMCLib/src/xmc_ledts.o
                0x080085fc                XMC_LEDTS_InitTSAdvanced
 .text.XMC_LEDTS_StartCounter
                0x08008664       0x24 ./Libraries/XMCLib/src/xmc_ledts.o
                0x08008664                XMC_LEDTS_StartCounter
 .text.XMC_LEDTS_StopCounter
                0x08008688       0x1c ./Libraries/XMCLib/src/xmc_ledts.o
                0x08008688                XMC_LEDTS_StopCounter
 .text.XMC_LEDTS_ReadInterruptFlag
                0x080086a4       0x1c ./Libraries/XMCLib/src/xmc_ledts.o
                0x080086a4                XMC_LEDTS_ReadInterruptFlag
 .text.XMC_LEDTS_SetActivePADNo
                0x080086c0       0x34 ./Libraries/XMCLib/src/xmc_ledts.o
                0x080086c0                XMC_LEDTS_SetActivePADNo
 .text.XMC_LEDTS_ClearInterruptFlag
                0x080086f4       0x1c ./Libraries/XMCLib/src/xmc_ledts.o
                0x080086f4                XMC_LEDTS_ClearInterruptFlag
 .text.XMC_LEDTS_SetLEDLinePattern
                0x08008710       0x6c ./Libraries/XMCLib/src/xmc_ledts.o
                0x08008710                XMC_LEDTS_SetLEDLinePattern
 .text.XMC_LEDTS_SetColumnBrightness
                0x0800877c       0x6c ./Libraries/XMCLib/src/xmc_ledts.o
                0x0800877c                XMC_LEDTS_SetColumnBrightness
 .text.XMC_LEDTS_SetCommonOscillationWindow
                0x080087e8       0x38 ./Libraries/XMCLib/src/xmc_ledts.o
                0x080087e8                XMC_LEDTS_SetCommonOscillationWindow
 .text.XMC_LEDTS_ReadFNCOL
                0x08008820       0x24 ./Libraries/XMCLib/src/xmc_ledts.o
                0x08008820                XMC_LEDTS_ReadFNCOL
 .text.XMC_LEDTS_SetNumOfLEDColumns
                0x08008844       0x30 ./Libraries/XMCLib/src/xmc_ledts.o
                0x08008844                XMC_LEDTS_SetNumOfLEDColumns
 .text.XMC_LEDTS_ReadTSVAL
                0x08008874       0x1c ./Libraries/XMCLib/src/xmc_ledts.o
                0x08008874                XMC_LEDTS_ReadTSVAL
 .text.XMC_LEDTS_SetOscillationWindow
                0x08008890       0x6c ./Libraries/XMCLib/src/xmc_ledts.o
                0x08008890                XMC_LEDTS_SetOscillationWindow
 .text          0x080088fc        0x0 ./Libraries/XMCLib/src/xmc_posif.o
 .text.XMC_POSIF_Stop
                0x080088fc       0x18 ./Libraries/XMCLib/src/xmc_posif.o
 .text.XMC_POSIF_Enable
                0x08008914       0x44 ./Libraries/XMCLib/src/xmc_posif.o
                0x08008914                XMC_POSIF_Enable
 .text.XMC_POSIF_Disable
                0x08008958       0x3c ./Libraries/XMCLib/src/xmc_posif.o
                0x08008958                XMC_POSIF_Disable
 .text.XMC_POSIF_Init
                0x08008994       0x28 ./Libraries/XMCLib/src/xmc_posif.o
                0x08008994                XMC_POSIF_Init
 .text.XMC_POSIF_HSC_Init
                0x080089bc       0x3c ./Libraries/XMCLib/src/xmc_posif.o
                0x080089bc                XMC_POSIF_HSC_Init
 .text.XMC_POSIF_QD_Init
                0x080089f8       0x50 ./Libraries/XMCLib/src/xmc_posif.o
                0x080089f8                XMC_POSIF_QD_Init
 .text.XMC_POSIF_MCM_Init
                0x08008a48       0x3c ./Libraries/XMCLib/src/xmc_posif.o
                0x08008a48                XMC_POSIF_MCM_Init
 .text.XMC_POSIF_SelectInputSource
                0x08008a84       0x54 ./Libraries/XMCLib/src/xmc_posif.o
                0x08008a84                XMC_POSIF_SelectInputSource
 .text.XMC_POSIF_SetInterruptNode
                0x08008ad8       0x48 ./Libraries/XMCLib/src/xmc_posif.o
                0x08008ad8                XMC_POSIF_SetInterruptNode
 .text          0x08008b20        0x0 ./Libraries/XMCLib/src/xmc_rtc.o
 .text.XMC_SCU_GetMirrorStatus
                0x08008b20       0x18 ./Libraries/XMCLib/src/xmc_rtc.o
 .text.XMC_RTC_Start
                0x08008b38       0x28 ./Libraries/XMCLib/src/xmc_rtc.o
                0x08008b38                XMC_RTC_Start
 .text.XMC_RTC_Stop
                0x08008b60       0x28 ./Libraries/XMCLib/src/xmc_rtc.o
                0x08008b60                XMC_RTC_Stop
 .text.XMC_RTC_SetPrescaler
                0x08008b88       0x38 ./Libraries/XMCLib/src/xmc_rtc.o
                0x08008b88                XMC_RTC_SetPrescaler
 .text.XMC_RTC_SetTime
                0x08008bc0       0x44 ./Libraries/XMCLib/src/xmc_rtc.o
                0x08008bc0                XMC_RTC_SetTime
 .text.XMC_RTC_GetTime
                0x08008c04       0x28 ./Libraries/XMCLib/src/xmc_rtc.o
                0x08008c04                XMC_RTC_GetTime
 .text.XMC_RTC_SetTimeStdFormat
                0x08008c2c       0xa4 ./Libraries/XMCLib/src/xmc_rtc.o
                0x08008c2c                XMC_RTC_SetTimeStdFormat
 .text.XMC_RTC_GetTimeStdFormat
                0x08008cd0       0x80 ./Libraries/XMCLib/src/xmc_rtc.o
                0x08008cd0                XMC_RTC_GetTimeStdFormat
 .text.XMC_RTC_SetAlarm
                0x08008d50       0x44 ./Libraries/XMCLib/src/xmc_rtc.o
                0x08008d50                XMC_RTC_SetAlarm
 .text.XMC_RTC_GetAlarm
                0x08008d94       0x28 ./Libraries/XMCLib/src/xmc_rtc.o
                0x08008d94                XMC_RTC_GetAlarm
 .text.XMC_RTC_SetAlarmStdFormat
                0x08008dbc       0x90 ./Libraries/XMCLib/src/xmc_rtc.o
                0x08008dbc                XMC_RTC_SetAlarmStdFormat
 .text.XMC_RTC_GetAlarmStdFormat
                0x08008e4c       0x74 ./Libraries/XMCLib/src/xmc_rtc.o
                0x08008e4c                XMC_RTC_GetAlarmStdFormat
 .text.XMC_RTC_GetEventStatus
                0x08008ec0       0x14 ./Libraries/XMCLib/src/xmc_rtc.o
                0x08008ec0                XMC_RTC_GetEventStatus
 .text          0x08008ed4        0x0 ./Libraries/XMCLib/src/xmc_sdmmc.o
 .text.XMC_SDMMC_GetPowerStatus
                0x08008ed4       0x28 ./Libraries/XMCLib/src/xmc_sdmmc.o
                0x08008ed4                XMC_SDMMC_GetPowerStatus
 .text.XMC_SDMMC_Enable
                0x08008efc       0x1c ./Libraries/XMCLib/src/xmc_sdmmc.o
                0x08008efc                XMC_SDMMC_Enable
 .text.XMC_SDMMC_Disable
                0x08008f18       0x1c ./Libraries/XMCLib/src/xmc_sdmmc.o
                0x08008f18                XMC_SDMMC_Disable
 .text.XMC_SDMMC_Init
                0x08008f34       0x58 ./Libraries/XMCLib/src/xmc_sdmmc.o
                0x08008f34                XMC_SDMMC_Init
 .text.XMC_SDMMC_EnableEventStatus
                0x08008f8c       0x44 ./Libraries/XMCLib/src/xmc_sdmmc.o
                0x08008f8c                XMC_SDMMC_EnableEventStatus
 .text.XMC_SDMMC_DisableEventStatus
                0x08008fd0       0x44 ./Libraries/XMCLib/src/xmc_sdmmc.o
                0x08008fd0                XMC_SDMMC_DisableEventStatus
 .text.XMC_SDMMC_EnableEvent
                0x08009014       0x48 ./Libraries/XMCLib/src/xmc_sdmmc.o
                0x08009014                XMC_SDMMC_EnableEvent
 .text.XMC_SDMMC_DisableEvent
                0x0800905c       0x44 ./Libraries/XMCLib/src/xmc_sdmmc.o
                0x0800905c                XMC_SDMMC_DisableEvent
 .text.XMC_SDMMC_ClearEvent
                0x080090a0       0x28 ./Libraries/XMCLib/src/xmc_sdmmc.o